Component: ARM Compiler 5.06 update 5 (build 528) Tool: armlink [4d35e2]

==============================================================================

Section Cross References

    startup_skeaz1284.o(RESET) refers to startup_skeaz1284.o(STACK) for __initial_sp
    startup_skeaz1284.o(RESET) refers to startup_skeaz1284.o(.text) for Reset_Handler
    startup_skeaz1284.o(RESET) refers to isr.o(i.IRQ_IRQHandler) for IRQ_IRQHandler
    startup_skeaz1284.o(RESET) refers to isr.o(i.PIT_CH0_IRQHandler) for PIT_CH0_IRQHandler
    startup_skeaz1284.o(RESET) refers to isr.o(i.PIT_CH1_IRQHandler) for PIT_CH1_IRQHandler
    startup_skeaz1284.o(RESET) refers to isr.o(i.KBI0_IRQHandler) for KBI0_IRQHandler
    startup_skeaz1284.o(.text) refers to system_skeaz1284.o(i.Start) for Start
    startup_skeaz1284.o(.text) refers to entry.o(.ARM.Collect$$$$00000000) for __main
    system_skeaz1284.o(i.Start) refers to system_skeaz1284.o(i.disable_wdog) for disable_wdog
    common.o(i.get_clk) refers to memcpya.o(.text) for __aeabi_memcpy4
    common.o(i.get_clk) refers to uidiv.o(.text) for __aeabi_uidivmod
    common.o(i.get_clk) refers to kea128_uart.o(i.uart_init) for uart_init
    common.o(i.get_clk) refers to common.o(.constdata) for .constdata
    common.o(i.get_clk) refers to common.o(.data) for ics_clk_khz
    kea128_flash.o(i.FLASH_EraseSector) refers to kea128_flash.o(i.FlashCmdStart) for FlashCmdStart
    kea128_flash.o(i.FLASH_Init) refers to uidiv.o(.text) for __aeabi_uidivmod
    kea128_flash.o(i.FLASH_Init) refers to common.o(.data) for bus_clk_khz
    kea128_flash.o(i.FLASH_WriteSector) refers to kea128_flash.o(i.FlashCmdStart) for FlashCmdStart
    kea128_flash.o(i.FlashCmdStart) refers to kea128_flash.o(.data) for s_flash_command_run
    kea128_ftm.o(i.ftm_count_clean) refers to kea128_ftm.o(.constdata) for FTMX
    kea128_ftm.o(i.ftm_count_get) refers to kea128_ftm.o(.constdata) for FTMX
    kea128_ftm.o(i.ftm_count_init) refers to kea128_ftm.o(i.ftm_count_mux) for ftm_count_mux
    kea128_ftm.o(i.ftm_count_init) refers to kea128_ftm.o(.constdata) for FTMX
    kea128_ftm.o(i.ftm_count_mux) refers to kea128_port.o(i.port_pull) for port_pull
    kea128_ftm.o(i.ftm_pwm_duty) refers to uidiv.o(.text) for __aeabi_uidivmod
    kea128_ftm.o(i.ftm_pwm_duty) refers to kea128_ftm.o(.data) for period
    kea128_ftm.o(i.ftm_pwm_duty) refers to kea128_ftm.o(.constdata) for FTMX
    kea128_ftm.o(i.ftm_pwm_freq) refers to uidiv.o(.text) for __aeabi_uidivmod
    kea128_ftm.o(i.ftm_pwm_freq) refers to common.o(.data) for ftm_clk_khz
    kea128_ftm.o(i.ftm_pwm_freq) refers to kea128_ftm.o(.data) for period
    kea128_ftm.o(i.ftm_pwm_freq) refers to kea128_ftm.o(.constdata) for FTMX
    kea128_ftm.o(i.ftm_pwm_init) refers to kea128_ftm.o(i.ftm_pwm_mux) for ftm_pwm_mux
    kea128_ftm.o(i.ftm_pwm_init) refers to uidiv.o(.text) for __aeabi_uidivmod
    kea128_ftm.o(i.ftm_pwm_init) refers to common.o(.data) for ftm_clk_khz
    kea128_ftm.o(i.ftm_pwm_init) refers to kea128_ftm.o(.data) for period
    kea128_ftm.o(i.ftm_pwm_init) refers to kea128_ftm.o(.constdata) for FTMX
    kea128_ftm.o(i.ftm_pwm_mux) refers to kea128_ftm.o(i.__ARM_common_switch8) for __ARM_common_switch8
    kea128_gpio.o(i.gpio_ddr) refers to kea128_gpio.o(.constdata) for GPIOX
    kea128_gpio.o(i.gpio_get) refers to kea128_gpio.o(.constdata) for GPIOX
    kea128_gpio.o(i.gpio_init) refers to kea128_gpio.o(.constdata) for GPIOX
    kea128_gpio.o(i.gpio_set) refers to kea128_gpio.o(.constdata) for GPIOX
    kea128_gpio.o(i.gpio_turn) refers to kea128_gpio.o(.constdata) for GPIOX
    kea128_irq.o(i.irq_init) refers to kea128_systick.o(i.systick_delay_ms) for systick_delay_ms
    kea128_kbi.o(i.kbi_init) refers to kea128_port.o(i.port_pull) for port_pull
    kea128_kbi.o(i.kbi_init) refers to kea128_kbi.o(.data) for kbi
    kea128_uart.o(i.fputc) refers to kea128_uart.o(i.uart_putchar) for uart_putchar
    kea128_uart.o(i.uart_getchar) refers to kea128_uart.o(.data) for uart
    kea128_uart.o(i.uart_init) refers to kea128_uart.o(i.uart_mux) for uart_mux
    kea128_uart.o(i.uart_init) refers to uidiv.o(.text) for __aeabi_uidivmod
    kea128_uart.o(i.uart_init) refers to kea128_uart.o(.data) for uart
    kea128_uart.o(i.uart_init) refers to common.o(.data) for bus_clk_khz
    kea128_uart.o(i.uart_mux) refers to kea128_port.o(i.port_pull) for port_pull
    kea128_uart.o(i.uart_putbuff) refers to kea128_uart.o(i.uart_putchar) for uart_putchar
    kea128_uart.o(i.uart_putchar) refers to kea128_uart.o(.data) for uart
    kea128_uart.o(i.uart_putstr) refers to kea128_uart.o(i.uart_putchar) for uart_putchar
    kea128_uart.o(i.uart_rx_irq_dis) refers to kea128_uart.o(i.NVIC_DisableIRQ) for NVIC_DisableIRQ
    kea128_uart.o(i.uart_rx_irq_dis) refers to kea128_uart.o(.data) for uart
    kea128_uart.o(i.uart_rx_irq_en) refers to kea128_uart.o(i.NVIC_EnableIRQ) for NVIC_EnableIRQ
    kea128_uart.o(i.uart_rx_irq_en) refers to kea128_uart.o(.data) for uart
    kea128_uart.o(i.uart_txc_irq_dis) refers to kea128_uart.o(i.NVIC_DisableIRQ) for NVIC_DisableIRQ
    kea128_uart.o(i.uart_txc_irq_dis) refers to kea128_uart.o(.data) for uart
    kea128_uart.o(i.uart_txc_irq_en) refers to kea128_uart.o(i.NVIC_EnableIRQ) for NVIC_EnableIRQ
    kea128_uart.o(i.uart_txc_irq_en) refers to kea128_uart.o(.data) for uart
    kea128_systick.o(i.systick_delay_ms) refers to kea128_systick.o(i.systick_delay) for systick_delay
    kea128_systick.o(i.systick_delay_ms) refers to common.o(.data) for core_clk_khz
    kea128_i2c.o(i.i2c_Wait) refers to seekfree_iic.o(i.IIC_init) for IIC_init
    kea128_i2c.o(i.i2c_Wait) refers to seekfree_iic.o(i.IIC_stop) for IIC_stop
    kea128_i2c.o(i.i2c_Wait) refers to kea128_i2c.o(.data) for I2CN
    kea128_i2c.o(i.i2c_init) refers to memcpya.o(.text) for __aeabi_memcpy4
    kea128_i2c.o(i.i2c_init) refers to uidiv.o(.text) for __aeabi_uidivmod
    kea128_i2c.o(i.i2c_init) refers to kea128_i2c.o(.constdata) for .constdata
    kea128_i2c.o(i.i2c_init) refers to common.o(.data) for bus_clk_khz
    kea128_i2c.o(i.i2c_init) refers to kea128_i2c.o(.data) for I2CN
    kea128_i2c.o(i.i2c_read_reg) refers to kea128_i2c.o(i.i2c_Wait) for i2c_Wait
    kea128_i2c.o(i.i2c_read_reg) refers to kea128_i2c.o(i.i2c_delay) for i2c_delay
    kea128_i2c.o(i.i2c_read_reg) refers to kea128_i2c.o(.data) for I2CN
    kea128_i2c.o(i.i2c_read_reg_bytes) refers to kea128_i2c.o(i.i2c_Wait) for i2c_Wait
    kea128_i2c.o(i.i2c_read_reg_bytes) refers to kea128_i2c.o(i.i2c_delay) for i2c_delay
    kea128_i2c.o(i.i2c_read_reg_bytes) refers to kea128_i2c.o(.data) for I2CN
    kea128_i2c.o(i.i2c_write_reg) refers to kea128_i2c.o(i.i2c_Wait) for i2c_Wait
    kea128_i2c.o(i.i2c_write_reg) refers to kea128_i2c.o(i.i2c_delay) for i2c_delay
    kea128_i2c.o(i.i2c_write_reg) refers to kea128_i2c.o(.data) for I2CN
    kea128_spi.o(i.spi_init) refers to memcpya.o(.text) for __aeabi_memcpy4
    kea128_spi.o(i.spi_init) refers to uidiv.o(.text) for __aeabi_uidivmod
    kea128_spi.o(i.spi_init) refers to kea128_spi.o(.constdata) for .constdata
    kea128_spi.o(i.spi_init) refers to common.o(.data) for bus_clk_khz
    kea128_spi.o(i.spi_init) refers to kea128_spi.o(.data) for SPIN
    kea128_spi.o(i.spi_mosi) refers to kea128_spi.o(.data) for SPIN
    kea128_spi.o(i.spi_mosi_cmd) refers to kea128_spi.o(i.spi_mosi) for spi_mosi
    seekfree_18tft.o(i.LCD_WriteData_16Bit) refers to kea128_gpio.o(i.gpio_set) for gpio_set
    seekfree_18tft.o(i.LCD_WriteData_16Bit) refers to kea128_spi.o(i.spi_mosi) for spi_mosi
    seekfree_18tft.o(i.Lcd_SetRegion) refers to seekfree_18tft.o(i.Lcd_WriteIndex) for Lcd_WriteIndex
    seekfree_18tft.o(i.Lcd_SetRegion) refers to seekfree_18tft.o(i.Lcd_WriteData) for Lcd_WriteData
    seekfree_18tft.o(i.Lcd_WriteData) refers to kea128_gpio.o(i.gpio_set) for gpio_set
    seekfree_18tft.o(i.Lcd_WriteData) refers to kea128_spi.o(i.spi_mosi) for spi_mosi
    seekfree_18tft.o(i.Lcd_WriteIndex) refers to kea128_gpio.o(i.gpio_set) for gpio_set
    seekfree_18tft.o(i.Lcd_WriteIndex) refers to kea128_spi.o(i.spi_mosi) for spi_mosi
    seekfree_18tft.o(i.dsp_single_colour) refers to seekfree_18tft.o(i.Lcd_SetRegion) for Lcd_SetRegion
    seekfree_18tft.o(i.dsp_single_colour) refers to seekfree_18tft.o(i.LCD_WriteData_16Bit) for LCD_WriteData_16Bit
    seekfree_18tft.o(i.lcd_init) refers to kea128_spi.o(i.spi_init) for spi_init
    seekfree_18tft.o(i.lcd_init) refers to kea128_gpio.o(i.gpio_init) for gpio_init
    seekfree_18tft.o(i.lcd_init) refers to kea128_gpio.o(i.gpio_set) for gpio_set
    seekfree_18tft.o(i.lcd_init) refers to seekfree_18tft.o(i.tft_delay) for tft_delay
    seekfree_18tft.o(i.lcd_init) refers to seekfree_18tft.o(i.Lcd_WriteIndex) for Lcd_WriteIndex
    seekfree_18tft.o(i.lcd_init) refers to seekfree_18tft.o(i.Lcd_WriteData) for Lcd_WriteData
    seekfree_18tft.o(i.lcd_init) refers to seekfree_18tft.o(i.dsp_single_colour) for dsp_single_colour
    seekfree_18tft.o(i.lcd_showchar) refers to seekfree_18tft.o(i.Lcd_SetRegion) for Lcd_SetRegion
    seekfree_18tft.o(i.lcd_showchar) refers to seekfree_18tft.o(i.LCD_WriteData_16Bit) for LCD_WriteData_16Bit
    seekfree_18tft.o(i.lcd_showchar) refers to font.o(.constdata) for tft_ascii
    seekfree_18tft.o(i.lcd_showint16) refers to seekfree_18tft.o(i.lcd_showchar) for lcd_showchar
    seekfree_18tft.o(i.lcd_showint16) refers to idiv.o(.text) for __aeabi_idivmod
    seekfree_18tft.o(i.lcd_showint8) refers to seekfree_18tft.o(i.lcd_showchar) for lcd_showchar
    seekfree_18tft.o(i.lcd_showint8) refers to idiv.o(.text) for __aeabi_idivmod
    seekfree_18tft.o(i.lcd_showstr) refers to seekfree_18tft.o(i.lcd_showchar) for lcd_showchar
    seekfree_18tft.o(i.lcd_showuint16) refers to idiv.o(.text) for __aeabi_idivmod
    seekfree_18tft.o(i.lcd_showuint16) refers to seekfree_18tft.o(i.lcd_showchar) for lcd_showchar
    seekfree_18tft.o(i.lcd_showuint8) refers to idiv.o(.text) for __aeabi_idivmod
    seekfree_18tft.o(i.lcd_showuint8) refers to seekfree_18tft.o(i.lcd_showchar) for lcd_showchar
    seekfree_18tft.o(i.showimage) refers to seekfree_18tft.o(i.dsp_single_colour) for dsp_single_colour
    seekfree_18tft.o(i.showimage) refers to seekfree_18tft.o(i.Lcd_SetRegion) for Lcd_SetRegion
    seekfree_18tft.o(i.showimage) refers to seekfree_18tft.o(i.LCD_WriteData_16Bit) for LCD_WriteData_16Bit
    seekfree_fun.o(i.limit) refers to ffltui.o(.text) for __aeabi_ui2f
    seekfree_fun.o(i.limit) refers to cfcmple.o(.text) for __aeabi_cfcmple
    seekfree_fun.o(i.limit) refers to fflti.o(.text) for __aeabi_i2f
    seekfree_fun.o(i.limit) refers to cfrcmple.o(.text) for __aeabi_cfrcmple
    seekfree_iic.o(i.I2C_SendACK) refers to kea128_gpio.o(i.gpio_set) for gpio_set
    seekfree_iic.o(i.I2C_SendACK) refers to seekfree_iic.o(i.simiic_delay) for simiic_delay
    seekfree_iic.o(i.IIC_init) refers to kea128_gpio.o(i.gpio_init) for gpio_init
    seekfree_iic.o(i.IIC_init) refers to kea128_port.o(i.port_pull) for port_pull
    seekfree_iic.o(i.IIC_start) refers to kea128_gpio.o(i.gpio_set) for gpio_set
    seekfree_iic.o(i.IIC_start) refers to seekfree_iic.o(i.simiic_delay) for simiic_delay
    seekfree_iic.o(i.IIC_stop) refers to kea128_gpio.o(i.gpio_set) for gpio_set
    seekfree_iic.o(i.IIC_stop) refers to seekfree_iic.o(i.simiic_delay) for simiic_delay
    seekfree_iic.o(i.SCCB_WaitAck) refers to kea128_gpio.o(i.gpio_set) for gpio_set
    seekfree_iic.o(i.SCCB_WaitAck) refers to kea128_gpio.o(i.gpio_ddr) for gpio_ddr
    seekfree_iic.o(i.SCCB_WaitAck) refers to seekfree_iic.o(i.simiic_delay) for simiic_delay
    seekfree_iic.o(i.SCCB_WaitAck) refers to kea128_gpio.o(i.gpio_get) for gpio_get
    seekfree_iic.o(i.read_ch) refers to kea128_gpio.o(i.gpio_set) for gpio_set
    seekfree_iic.o(i.read_ch) refers to seekfree_iic.o(i.simiic_delay) for simiic_delay
    seekfree_iic.o(i.read_ch) refers to kea128_gpio.o(i.gpio_ddr) for gpio_ddr
    seekfree_iic.o(i.read_ch) refers to kea128_gpio.o(i.gpio_get) for gpio_get
    seekfree_iic.o(i.read_ch) refers to seekfree_iic.o(i.I2C_SendACK) for I2C_SendACK
    seekfree_iic.o(i.send_ch) refers to kea128_gpio.o(i.gpio_set) for gpio_set
    seekfree_iic.o(i.send_ch) refers to seekfree_iic.o(i.simiic_delay) for simiic_delay
    seekfree_iic.o(i.send_ch) refers to seekfree_iic.o(i.SCCB_WaitAck) for SCCB_WaitAck
    seekfree_iic.o(i.simiic_read_reg) refers to seekfree_iic.o(i.IIC_start) for IIC_start
    seekfree_iic.o(i.simiic_read_reg) refers to seekfree_iic.o(i.send_ch) for send_ch
    seekfree_iic.o(i.simiic_read_reg) refers to seekfree_iic.o(i.IIC_stop) for IIC_stop
    seekfree_iic.o(i.simiic_read_reg) refers to seekfree_iic.o(i.read_ch) for read_ch
    seekfree_iic.o(i.simiic_read_regs) refers to seekfree_iic.o(i.IIC_start) for IIC_start
    seekfree_iic.o(i.simiic_read_regs) refers to seekfree_iic.o(i.send_ch) for send_ch
    seekfree_iic.o(i.simiic_read_regs) refers to seekfree_iic.o(i.IIC_stop) for IIC_stop
    seekfree_iic.o(i.simiic_read_regs) refers to seekfree_iic.o(i.read_ch) for read_ch
    seekfree_iic.o(i.simiic_write_reg) refers to seekfree_iic.o(i.IIC_start) for IIC_start
    seekfree_iic.o(i.simiic_write_reg) refers to seekfree_iic.o(i.send_ch) for send_ch
    seekfree_iic.o(i.simiic_write_reg) refers to seekfree_iic.o(i.IIC_stop) for IIC_stop
    seekfree_l3g4200d.o(i.InitL3G4200D) refers to seekfree_iic.o(i.simiic_write_reg) for simiic_write_reg
    seekfree_l3g4200d.o(i.InitL3G4200D) refers to seekfree_iic.o(i.simiic_read_reg) for simiic_read_reg
    seekfree_l3g4200d.o(i.InitL3G4200D) refers to seekfree_l3g4200d.o(.data) for Temperature
    seekfree_l3g4200d.o(i.get_l3g4200d) refers to seekfree_iic.o(i.simiic_read_reg) for simiic_read_reg
    seekfree_l3g4200d.o(i.get_l3g4200d) refers to seekfree_iic.o(i.simiic_read_regs) for simiic_read_regs
    seekfree_l3g4200d.o(i.get_l3g4200d) refers to seekfree_l3g4200d.o(.data) for gyro_x
    seekfree_mma8451.o(i.MMA845x_init) refers to seekfree_iic.o(i.simiic_write_reg) for simiic_write_reg
    seekfree_mma8451.o(i.MMA845x_init) refers to seekfree_iic.o(i.simiic_read_reg) for simiic_read_reg
    seekfree_mma8451.o(i.get_mma8451) refers to seekfree_iic.o(i.simiic_read_regs) for simiic_read_regs
    seekfree_mma8451.o(i.get_mma8451) refers to seekfree_mma8451.o(.data) for acc_x
    seekfree_mpu6050.o(i.Get_AccData) refers to seekfree_iic.o(i.simiic_read_regs) for simiic_read_regs
    seekfree_mpu6050.o(i.Get_AccData) refers to seekfree_mpu6050.o(.data) for mpu_acc_x
    seekfree_mpu6050.o(i.Get_Gyro) refers to seekfree_iic.o(i.simiic_read_regs) for simiic_read_regs
    seekfree_mpu6050.o(i.Get_Gyro) refers to seekfree_mpu6050.o(.data) for mpu_gyro_x
    seekfree_mpu6050.o(i.InitMPU6050) refers to seekfree_iic.o(i.simiic_write_reg) for simiic_write_reg
    seekfree_nrf24l01.o(i.NRF_Check) refers to seekfree_nrf24l01.o(i.NRF_SPI_W_Reg_Byte) for NRF_SPI_W_Reg_Byte
    seekfree_nrf24l01.o(i.NRF_Check) refers to seekfree_nrf24l01.o(i.NRF_SPI_R_Reg_Byte) for NRF_SPI_R_Reg_Byte
    seekfree_nrf24l01.o(i.NRF_Dev_Init) refers to kea128_gpio.o(i.gpio_init) for gpio_init
    seekfree_nrf24l01.o(i.NRF_Dev_Init) refers to kea128_port.o(i.port_pull) for port_pull
    seekfree_nrf24l01.o(i.NRF_Dev_Init) refers to kea128_gpio.o(i.gpio_set) for gpio_set
    seekfree_nrf24l01.o(i.NRF_Dev_Init) refers to seekfree_nrf24l01.o(i.NRF_Check) for NRF_Check
    seekfree_nrf24l01.o(i.NRF_Dev_Init) refers to seekfree_nrf24l01.o(i.NRF_SPI_W_Reg_Byte) for NRF_SPI_W_Reg_Byte
    seekfree_nrf24l01.o(i.NRF_Dev_Init) refers to seekfree_nrf24l01.o(i.NRF_SPI_W_Reg_Burst) for NRF_SPI_W_Reg_Burst
    seekfree_nrf24l01.o(i.NRF_Dev_Init) refers to seekfree_nrf24l01.o(i.NRF_SPI_W_Cmd_Byte) for NRF_SPI_W_Cmd_Byte
    seekfree_nrf24l01.o(i.NRF_Dev_Init) refers to seekfree_nrf24l01.o(.data) for NRF_RF_Addr
    seekfree_nrf24l01.o(i.NRF_Rece_Packet) refers to kea128_gpio.o(i.gpio_get) for gpio_get
    seekfree_nrf24l01.o(i.NRF_Rece_Packet) refers to seekfree_nrf24l01.o(i.NRF_SPI_R_Reg_Byte) for NRF_SPI_R_Reg_Byte
    seekfree_nrf24l01.o(i.NRF_Rece_Packet) refers to seekfree_nrf24l01.o(i.NRF_SPI_W_Reg_Byte) for NRF_SPI_W_Reg_Byte
    seekfree_nrf24l01.o(i.NRF_Rece_Packet) refers to seekfree_nrf24l01.o(i.NRF_SPI_R_Reg_Burst) for NRF_SPI_R_Reg_Burst
    seekfree_nrf24l01.o(i.NRF_SPI_R_Reg_Burst) refers to kea128_gpio.o(i.gpio_set) for gpio_set
    seekfree_nrf24l01.o(i.NRF_SPI_R_Reg_Burst) refers to seekfree_nrf24l01.o(i.NRF_SPI_WR_Byte) for NRF_SPI_WR_Byte
    seekfree_nrf24l01.o(i.NRF_SPI_R_Reg_Byte) refers to kea128_gpio.o(i.gpio_set) for gpio_set
    seekfree_nrf24l01.o(i.NRF_SPI_R_Reg_Byte) refers to seekfree_nrf24l01.o(i.NRF_SPI_WR_Byte) for NRF_SPI_WR_Byte
    seekfree_nrf24l01.o(i.NRF_SPI_WR_Byte) refers to kea128_gpio.o(i.gpio_set) for gpio_set
    seekfree_nrf24l01.o(i.NRF_SPI_WR_Byte) refers to kea128_gpio.o(i.gpio_get) for gpio_get
    seekfree_nrf24l01.o(i.NRF_SPI_W_Cmd_Byte) refers to kea128_gpio.o(i.gpio_set) for gpio_set
    seekfree_nrf24l01.o(i.NRF_SPI_W_Cmd_Byte) refers to seekfree_nrf24l01.o(i.NRF_SPI_WR_Byte) for NRF_SPI_WR_Byte
    seekfree_nrf24l01.o(i.NRF_SPI_W_Reg_Burst) refers to kea128_gpio.o(i.gpio_set) for gpio_set
    seekfree_nrf24l01.o(i.NRF_SPI_W_Reg_Burst) refers to seekfree_nrf24l01.o(i.NRF_SPI_WR_Byte) for NRF_SPI_WR_Byte
    seekfree_nrf24l01.o(i.NRF_SPI_W_Reg_Byte) refers to kea128_gpio.o(i.gpio_set) for gpio_set
    seekfree_nrf24l01.o(i.NRF_SPI_W_Reg_Byte) refers to seekfree_nrf24l01.o(i.NRF_SPI_WR_Byte) for NRF_SPI_WR_Byte
    seekfree_nrf24l01.o(i.NRF_Send_Packet) refers to kea128_gpio.o(i.gpio_set) for gpio_set
    seekfree_nrf24l01.o(i.NRF_Send_Packet) refers to seekfree_nrf24l01.o(i.NRF_SPI_W_Reg_Byte) for NRF_SPI_W_Reg_Byte
    seekfree_nrf24l01.o(i.NRF_Send_Packet) refers to seekfree_nrf24l01.o(i.NRF_SPI_W_Reg_Burst) for NRF_SPI_W_Reg_Burst
    seekfree_nrf24l01.o(i.NRF_Send_Packet) refers to seekfree_nrf24l01.o(i.NRF_SPI_R_Reg_Byte) for NRF_SPI_R_Reg_Byte
    seekfree_nrf24l01.o(i.NRF_Send_Packet) refers to seekfree_nrf24l01.o(.data) for NRF_RF_Addr
    seekfree_oled.o(i.OLED_ClrPixel) refers to seekfree_oled.o(i.OLED_Set_Pos) for OLED_Set_Pos
    seekfree_oled.o(i.OLED_ClrPixel) refers to seekfree_oled.o(i.OLED_WrCmd) for OLED_WrCmd
    seekfree_oled.o(i.OLED_ClrPixel) refers to seekfree_oled.o(i.OLED_WrDat) for OLED_WrDat
    seekfree_oled.o(i.OLED_Fill) refers to seekfree_oled.o(i.OLED_WrCmd) for OLED_WrCmd
    seekfree_oled.o(i.OLED_Fill) refers to seekfree_oled.o(i.OLED_WrDat) for OLED_WrDat
    seekfree_oled.o(i.OLED_HEXACSII) refers to idiv.o(.text) for __aeabi_idivmod
    seekfree_oled.o(i.OLED_Init) refers to kea128_gpio.o(i.gpio_init) for gpio_init
    seekfree_oled.o(i.OLED_Init) refers to kea128_gpio.o(i.gpio_set) for gpio_set
    seekfree_oled.o(i.OLED_Init) refers to seekfree_oled.o(i.OLED_DLY_ms) for OLED_DLY_ms
    seekfree_oled.o(i.OLED_Init) refers to seekfree_oled.o(i.OLED_WrCmd) for OLED_WrCmd
    seekfree_oled.o(i.OLED_Init) refers to seekfree_oled.o(i.OLED_Fill) for OLED_Fill
    seekfree_oled.o(i.OLED_Init) refers to seekfree_oled.o(i.OLED_Set_Pos) for OLED_Set_Pos
    seekfree_oled.o(i.OLED_P6x8Str) refers to seekfree_oled.o(i.OLED_Set_Pos) for OLED_Set_Pos
    seekfree_oled.o(i.OLED_P6x8Str) refers to seekfree_oled.o(i.OLED_WrDat) for OLED_WrDat
    seekfree_oled.o(i.OLED_P6x8Str) refers to seekfree_oled.o(.constdata) for F6x8
    seekfree_oled.o(i.OLED_P8x16Str) refers to seekfree_oled.o(i.OLED_Set_Pos) for OLED_Set_Pos
    seekfree_oled.o(i.OLED_P8x16Str) refers to seekfree_oled.o(i.OLED_WrDat) for OLED_WrDat
    seekfree_oled.o(i.OLED_P8x16Str) refers to seekfree_oled.o(.constdata) for F8X16
    seekfree_oled.o(i.OLED_Print_Num) refers to seekfree_oled.o(i.OLED_HEXACSII) for OLED_HEXACSII
    seekfree_oled.o(i.OLED_Print_Num) refers to seekfree_oled.o(i.OLED_P8x16Str) for OLED_P8x16Str
    seekfree_oled.o(i.OLED_Print_Num1) refers to seekfree_oled.o(i.OLED_P6x8Str) for OLED_P6x8Str
    seekfree_oled.o(i.OLED_Print_Num1) refers to seekfree_oled.o(i.OLED_HEXACSII) for OLED_HEXACSII
    seekfree_oled.o(i.OLED_PutPixel) refers to seekfree_oled.o(i.OLED_Set_Pos) for OLED_Set_Pos
    seekfree_oled.o(i.OLED_PutPixel) refers to seekfree_oled.o(i.OLED_WrCmd) for OLED_WrCmd
    seekfree_oled.o(i.OLED_PutPixel) refers to seekfree_oled.o(i.OLED_WrDat) for OLED_WrDat
    seekfree_oled.o(i.OLED_Set_Pos) refers to seekfree_oled.o(i.OLED_WrCmd) for OLED_WrCmd
    seekfree_oled.o(i.OLED_Wr6Dat) refers to kea128_gpio.o(i.gpio_set) for gpio_set
    seekfree_oled.o(i.OLED_WrCmd) refers to kea128_gpio.o(i.gpio_set) for gpio_set
    seekfree_oled.o(i.OLED_WrDat) refers to kea128_gpio.o(i.gpio_set) for gpio_set
    seekfree_oled.o(i.dis_bmp) refers to seekfree_oled.o(i.OLED_Set_Pos) for OLED_Set_Pos
    seekfree_oled.o(i.dis_bmp) refers to seekfree_oled.o(i.OLED_WrDat) for OLED_WrDat
    seekfree_tsl1401.o(i.ccd_collect) refers to kea128_gpio.o(i.gpio_set) for gpio_set
    seekfree_tsl1401.o(i.ccd_collect) refers to kea128_adc.o(i.adc_once) for adc_once
    seekfree_tsl1401.o(i.ccd_collect) refers to seekfree_tsl1401.o(.bss) for ccd_data
    seekfree_tsl1401.o(i.ccd_init) refers to kea128_adc.o(i.adc_init) for adc_init
    seekfree_tsl1401.o(i.ccd_init) refers to kea128_gpio.o(i.gpio_init) for gpio_init
    seekfree_tsl1401.o(i.ccd_init) refers to kea128_pit.o(i.pit_init) for pit_init
    seekfree_tsl1401.o(i.ccd_init) refers to seekfree_tsl1401.o(i.NVIC_SetPriority) for NVIC_SetPriority
    seekfree_tsl1401.o(i.ccd_init) refers to common.o(.data) for bus_clk_khz
    main.o(i.main) refers to common.o(i.get_clk) for get_clk
    main.o(i.main) refers to seekfree_oled.o(i.OLED_Init) for OLED_Init
    main.o(i.main) refers to kea128_adc.o(i.adc_init) for adc_init
    main.o(i.main) refers to kea128_ftm.o(i.ftm_pwm_init) for ftm_pwm_init
    main.o(i.main) refers to kea128_adc.o(i.adc_once) for adc_once
    main.o(i.main) refers to printfb.o(i.__0printf$bare) for __2printf
    main.o(i.main) refers to seekfree_oled.o(i.OLED_P6x8Str) for OLED_P6x8Str
    main.o(i.main) refers to seekfree_oled.o(i.OLED_P8x16Str) for OLED_P8x16Str
    main.o(i.main) refers to seekfree_oled.o(i.OLED_Print_Num) for OLED_Print_Num
    main.o(i.main) refers to seekfree_oled.o(i.OLED_Print_Num1) for OLED_Print_Num1
    main.o(i.main) refers to kea128_systick.o(i.systick_delay_ms) for systick_delay_ms
    main.o(i.main) refers to main.o(.data) for dd
    entry.o(.ARM.Collect$$$$00000000) refers (Special) to entry10a.o(.ARM.Collect$$$$0000000D) for __rt_final_cpp
    entry.o(.ARM.Collect$$$$00000000) refers (Special) to entry11a.o(.ARM.Collect$$$$0000000F) for __rt_final_exit
    entry.o(.ARM.Collect$$$$00000000) refers (Special) to entry7b.o(.ARM.Collect$$$$00000008) for _main_clock
    entry.o(.ARM.Collect$$$$00000000) refers (Special) to entry8b.o(.ARM.Collect$$$$0000000A) for _main_cpp_init
    entry.o(.ARM.Collect$$$$00000000) refers (Special) to entry9a.o(.ARM.Collect$$$$0000000B) for _main_init
    entry.o(.ARM.Collect$$$$00000000) refers (Special) to entry5.o(.ARM.Collect$$$$00000004) for _main_scatterload
    entry.o(.ARM.Collect$$$$00000000) refers (Special) to entry2.o(.ARM.Collect$$$$00000001) for _main_stk
    idiv.o(.text) refers to uidiv.o(.text) for __aeabi_uidivmod
    printfb.o(i.__0fprintf$bare) refers to printfb.o(i._printf_core) for _printf_core
    printfb.o(i.__0fprintf$bare) refers to kea128_uart.o(i.fputc) for fputc
    printfb.o(i.__0printf$bare) refers to printfb.o(i._printf_core) for _printf_core
    printfb.o(i.__0printf$bare) refers to kea128_uart.o(i.fputc) for fputc
    printfb.o(i.__0printf$bare) refers to stdout.o(.data) for __stdout
    printfb.o(i.__0snprintf$bare) refers to printfb.o(i._printf_core) for _printf_core
    printfb.o(i.__0snprintf$bare) refers to printfb.o(i._snputc) for _snputc
    printfb.o(i.__0sprintf$bare) refers to printfb.o(i._printf_core) for _printf_core
    printfb.o(i.__0sprintf$bare) refers to printfb.o(i._sputc) for _sputc
    printfb.o(i.__0vfprintf$bare) refers to printfb.o(i._printf_core) for _printf_core
    printfb.o(i.__0vfprintf$bare) refers to kea128_uart.o(i.fputc) for fputc
    printfb.o(i.__0vprintf$bare) refers to printfb.o(i._printf_core) for _printf_core
    printfb.o(i.__0vprintf$bare) refers to kea128_uart.o(i.fputc) for fputc
    printfb.o(i.__0vprintf$bare) refers to stdout.o(.data) for __stdout
    printfb.o(i.__0vsnprintf$bare) refers to printfb.o(i._printf_core) for _printf_core
    printfb.o(i.__0vsnprintf$bare) refers to printfb.o(i._snputc) for _snputc
    printfb.o(i.__0vsprintf$bare) refers to printfb.o(i._printf_core) for _printf_core
    printfb.o(i.__0vsprintf$bare) refers to printfb.o(i._sputc) for _sputc
    printf0.o(i.__0fprintf$0) refers to printf0.o(i._printf_core) for _printf_core
    printf0.o(i.__0fprintf$0) refers to kea128_uart.o(i.fputc) for fputc
    printf0.o(i.__0printf$0) refers to printf0.o(i._printf_core) for _printf_core
    printf0.o(i.__0printf$0) refers to kea128_uart.o(i.fputc) for fputc
    printf0.o(i.__0printf$0) refers to stdout.o(.data) for __stdout
    printf0.o(i.__0snprintf$0) refers to printf0.o(i._printf_core) for _printf_core
    printf0.o(i.__0snprintf$0) refers to printf0.o(i._snputc) for _snputc
    printf0.o(i.__0sprintf$0) refers to printf0.o(i._printf_core) for _printf_core
    printf0.o(i.__0sprintf$0) refers to printf0.o(i._sputc) for _sputc
    printf0.o(i.__0vfprintf$0) refers to printf0.o(i._printf_core) for _printf_core
    printf0.o(i.__0vfprintf$0) refers to kea128_uart.o(i.fputc) for fputc
    printf0.o(i.__0vprintf$0) refers to printf0.o(i._printf_core) for _printf_core
    printf0.o(i.__0vprintf$0) refers to kea128_uart.o(i.fputc) for fputc
    printf0.o(i.__0vprintf$0) refers to stdout.o(.data) for __stdout
    printf0.o(i.__0vsnprintf$0) refers to printf0.o(i._printf_core) for _printf_core
    printf0.o(i.__0vsnprintf$0) refers to printf0.o(i._snputc) for _snputc
    printf0.o(i.__0vsprintf$0) refers to printf0.o(i._printf_core) for _printf_core
    printf0.o(i.__0vsprintf$0) refers to printf0.o(i._sputc) for _sputc
    printf1.o(i.__0fprintf$1) refers to printf1.o(i._printf_core) for _printf_core
    printf1.o(i.__0fprintf$1) refers to kea128_uart.o(i.fputc) for fputc
    printf1.o(i.__0printf$1) refers to printf1.o(i._printf_core) for _printf_core
    printf1.o(i.__0printf$1) refers to kea128_uart.o(i.fputc) for fputc
    printf1.o(i.__0printf$1) refers to stdout.o(.data) for __stdout
    printf1.o(i.__0snprintf$1) refers to printf1.o(i._printf_core) for _printf_core
    printf1.o(i.__0snprintf$1) refers to printf1.o(i._snputc) for _snputc
    printf1.o(i.__0sprintf$1) refers to printf1.o(i._printf_core) for _printf_core
    printf1.o(i.__0sprintf$1) refers to printf1.o(i._sputc) for _sputc
    printf1.o(i.__0vfprintf$1) refers to printf1.o(i._printf_core) for _printf_core
    printf1.o(i.__0vfprintf$1) refers to kea128_uart.o(i.fputc) for fputc
    printf1.o(i.__0vprintf$1) refers to printf1.o(i._printf_core) for _printf_core
    printf1.o(i.__0vprintf$1) refers to kea128_uart.o(i.fputc) for fputc
    printf1.o(i.__0vprintf$1) refers to stdout.o(.data) for __stdout
    printf1.o(i.__0vsnprintf$1) refers to printf1.o(i._printf_core) for _printf_core
    printf1.o(i.__0vsnprintf$1) refers to printf1.o(i._snputc) for _snputc
    printf1.o(i.__0vsprintf$1) refers to printf1.o(i._printf_core) for _printf_core
    printf1.o(i.__0vsprintf$1) refers to printf1.o(i._sputc) for _sputc
    printf1.o(i._printf_core) refers to uidiv.o(.text) for __aeabi_uidivmod
    printf2.o(i.__0fprintf$2) refers to printf2.o(i._printf_core) for _printf_core
    printf2.o(i.__0fprintf$2) refers to kea128_uart.o(i.fputc) for fputc
    printf2.o(i.__0printf$2) refers to printf2.o(i._printf_core) for _printf_core
    printf2.o(i.__0printf$2) refers to kea128_uart.o(i.fputc) for fputc
    printf2.o(i.__0printf$2) refers to stdout.o(.data) for __stdout
    printf2.o(i.__0snprintf$2) refers to printf2.o(i._printf_core) for _printf_core
    printf2.o(i.__0snprintf$2) refers to printf2.o(i._snputc) for _snputc
    printf2.o(i.__0sprintf$2) refers to printf2.o(i._printf_core) for _printf_core
    printf2.o(i.__0sprintf$2) refers to printf2.o(i._sputc) for _sputc
    printf2.o(i.__0vfprintf$2) refers to printf2.o(i._printf_core) for _printf_core
    printf2.o(i.__0vfprintf$2) refers to kea128_uart.o(i.fputc) for fputc
    printf2.o(i.__0vprintf$2) refers to printf2.o(i._printf_core) for _printf_core
    printf2.o(i.__0vprintf$2) refers to kea128_uart.o(i.fputc) for fputc
    printf2.o(i.__0vprintf$2) refers to stdout.o(.data) for __stdout
    printf2.o(i.__0vsnprintf$2) refers to printf2.o(i._printf_core) for _printf_core
    printf2.o(i.__0vsnprintf$2) refers to printf2.o(i._snputc) for _snputc
    printf2.o(i.__0vsprintf$2) refers to printf2.o(i._printf_core) for _printf_core
    printf2.o(i.__0vsprintf$2) refers to printf2.o(i._sputc) for _sputc
    printf3.o(i.__0fprintf$3) refers to printf3.o(i._printf_core) for _printf_core
    printf3.o(i.__0fprintf$3) refers to kea128_uart.o(i.fputc) for fputc
    printf3.o(i.__0printf$3) refers to printf3.o(i._printf_core) for _printf_core
    printf3.o(i.__0printf$3) refers to kea128_uart.o(i.fputc) for fputc
    printf3.o(i.__0printf$3) refers to stdout.o(.data) for __stdout
    printf3.o(i.__0snprintf$3) refers to printf3.o(i._printf_core) for _printf_core
    printf3.o(i.__0snprintf$3) refers to printf3.o(i._snputc) for _snputc
    printf3.o(i.__0sprintf$3) refers to printf3.o(i._printf_core) for _printf_core
    printf3.o(i.__0sprintf$3) refers to printf3.o(i._sputc) for _sputc
    printf3.o(i.__0vfprintf$3) refers to printf3.o(i._printf_core) for _printf_core
    printf3.o(i.__0vfprintf$3) refers to kea128_uart.o(i.fputc) for fputc
    printf3.o(i.__0vprintf$3) refers to printf3.o(i._printf_core) for _printf_core
    printf3.o(i.__0vprintf$3) refers to kea128_uart.o(i.fputc) for fputc
    printf3.o(i.__0vprintf$3) refers to stdout.o(.data) for __stdout
    printf3.o(i.__0vsnprintf$3) refers to printf3.o(i._printf_core) for _printf_core
    printf3.o(i.__0vsnprintf$3) refers to printf3.o(i._snputc) for _snputc
    printf3.o(i.__0vsprintf$3) refers to printf3.o(i._printf_core) for _printf_core
    printf3.o(i.__0vsprintf$3) refers to printf3.o(i._sputc) for _sputc
    printf3.o(i._printf_core) refers to uidiv.o(.text) for __aeabi_uidivmod
    printf4.o(i.__0fprintf$4) refers to printf4.o(i._printf_core) for _printf_core
    printf4.o(i.__0fprintf$4) refers to kea128_uart.o(i.fputc) for fputc
    printf4.o(i.__0printf$4) refers to printf4.o(i._printf_core) for _printf_core
    printf4.o(i.__0printf$4) refers to kea128_uart.o(i.fputc) for fputc
    printf4.o(i.__0printf$4) refers to stdout.o(.data) for __stdout
    printf4.o(i.__0snprintf$4) refers to printf4.o(i._printf_core) for _printf_core
    printf4.o(i.__0snprintf$4) refers to printf4.o(i._snputc) for _snputc
    printf4.o(i.__0sprintf$4) refers to printf4.o(i._printf_core) for _printf_core
    printf4.o(i.__0sprintf$4) refers to printf4.o(i._sputc) for _sputc
    printf4.o(i.__0vfprintf$4) refers to printf4.o(i._printf_core) for _printf_core
    printf4.o(i.__0vfprintf$4) refers to kea128_uart.o(i.fputc) for fputc
    printf4.o(i.__0vprintf$4) refers to printf4.o(i._printf_core) for _printf_core
    printf4.o(i.__0vprintf$4) refers to kea128_uart.o(i.fputc) for fputc
    printf4.o(i.__0vprintf$4) refers to stdout.o(.data) for __stdout
    printf4.o(i.__0vsnprintf$4) refers to printf4.o(i._printf_core) for _printf_core
    printf4.o(i.__0vsnprintf$4) refers to printf4.o(i._snputc) for _snputc
    printf4.o(i.__0vsprintf$4) refers to printf4.o(i._printf_core) for _printf_core
    printf4.o(i.__0vsprintf$4) refers to printf4.o(i._sputc) for _sputc
    printf4.o(i._printf_core) refers to uldiv.o(.text) for __aeabi_uldivmod
    printf5.o(i.__0fprintf$5) refers to printf5.o(i._printf_core) for _printf_core
    printf5.o(i.__0fprintf$5) refers to kea128_uart.o(i.fputc) for fputc
    printf5.o(i.__0printf$5) refers to printf5.o(i._printf_core) for _printf_core
    printf5.o(i.__0printf$5) refers to kea128_uart.o(i.fputc) for fputc
    printf5.o(i.__0printf$5) refers to stdout.o(.data) for __stdout
    printf5.o(i.__0snprintf$5) refers to printf5.o(i._printf_core) for _printf_core
    printf5.o(i.__0snprintf$5) refers to printf5.o(i._snputc) for _snputc
    printf5.o(i.__0sprintf$5) refers to printf5.o(i._printf_core) for _printf_core
    printf5.o(i.__0sprintf$5) refers to printf5.o(i._sputc) for _sputc
    printf5.o(i.__0vfprintf$5) refers to printf5.o(i._printf_core) for _printf_core
    printf5.o(i.__0vfprintf$5) refers to kea128_uart.o(i.fputc) for fputc
    printf5.o(i.__0vprintf$5) refers to printf5.o(i._printf_core) for _printf_core
    printf5.o(i.__0vprintf$5) refers to kea128_uart.o(i.fputc) for fputc
    printf5.o(i.__0vprintf$5) refers to stdout.o(.data) for __stdout
    printf5.o(i.__0vsnprintf$5) refers to printf5.o(i._printf_core) for _printf_core
    printf5.o(i.__0vsnprintf$5) refers to printf5.o(i._snputc) for _snputc
    printf5.o(i.__0vsprintf$5) refers to printf5.o(i._printf_core) for _printf_core
    printf5.o(i.__0vsprintf$5) refers to printf5.o(i._sputc) for _sputc
    printf5.o(i._printf_core) refers to uldiv.o(.text) for __aeabi_uldivmod
    printf6.o(i.__0fprintf$6) refers to printf6.o(i._printf_core) for _printf_core
    printf6.o(i.__0fprintf$6) refers to kea128_uart.o(i.fputc) for fputc
    printf6.o(i.__0printf$6) refers to printf6.o(i._printf_core) for _printf_core
    printf6.o(i.__0printf$6) refers to kea128_uart.o(i.fputc) for fputc
    printf6.o(i.__0printf$6) refers to stdout.o(.data) for __stdout
    printf6.o(i.__0snprintf$6) refers to printf6.o(i._printf_core) for _printf_core
    printf6.o(i.__0snprintf$6) refers to printf6.o(i._snputc) for _snputc
    printf6.o(i.__0sprintf$6) refers to printf6.o(i._printf_core) for _printf_core
    printf6.o(i.__0sprintf$6) refers to printf6.o(i._sputc) for _sputc
    printf6.o(i.__0vfprintf$6) refers to printf6.o(i._printf_core) for _printf_core
    printf6.o(i.__0vfprintf$6) refers to kea128_uart.o(i.fputc) for fputc
    printf6.o(i.__0vprintf$6) refers to printf6.o(i._printf_core) for _printf_core
    printf6.o(i.__0vprintf$6) refers to kea128_uart.o(i.fputc) for fputc
    printf6.o(i.__0vprintf$6) refers to stdout.o(.data) for __stdout
    printf6.o(i.__0vsnprintf$6) refers to printf6.o(i._printf_core) for _printf_core
    printf6.o(i.__0vsnprintf$6) refers to printf6.o(i._snputc) for _snputc
    printf6.o(i.__0vsprintf$6) refers to printf6.o(i._printf_core) for _printf_core
    printf6.o(i.__0vsprintf$6) refers to printf6.o(i._sputc) for _sputc
    printf6.o(i._printf_core) refers to printf6.o(i._printf_pre_padding) for _printf_pre_padding
    printf6.o(i._printf_core) refers to printf6.o(i._printf_post_padding) for _printf_post_padding
    printf6.o(i._printf_core) refers to uidiv.o(.text) for __aeabi_uidivmod
    printf7.o(i.__0fprintf$7) refers to printf7.o(i._printf_core) for _printf_core
    printf7.o(i.__0fprintf$7) refers to kea128_uart.o(i.fputc) for fputc
    printf7.o(i.__0printf$7) refers to printf7.o(i._printf_core) for _printf_core
    printf7.o(i.__0printf$7) refers to kea128_uart.o(i.fputc) for fputc
    printf7.o(i.__0printf$7) refers to stdout.o(.data) for __stdout
    printf7.o(i.__0snprintf$7) refers to printf7.o(i._printf_core) for _printf_core
    printf7.o(i.__0snprintf$7) refers to printf7.o(i._snputc) for _snputc
    printf7.o(i.__0sprintf$7) refers to printf7.o(i._printf_core) for _printf_core
    printf7.o(i.__0sprintf$7) refers to printf7.o(i._sputc) for _sputc
    printf7.o(i.__0vfprintf$7) refers to printf7.o(i._printf_core) for _printf_core
    printf7.o(i.__0vfprintf$7) refers to kea128_uart.o(i.fputc) for fputc
    printf7.o(i.__0vprintf$7) refers to printf7.o(i._printf_core) for _printf_core
    printf7.o(i.__0vprintf$7) refers to kea128_uart.o(i.fputc) for fputc
    printf7.o(i.__0vprintf$7) refers to stdout.o(.data) for __stdout
    printf7.o(i.__0vsnprintf$7) refers to printf7.o(i._printf_core) for _printf_core
    printf7.o(i.__0vsnprintf$7) refers to printf7.o(i._snputc) for _snputc
    printf7.o(i.__0vsprintf$7) refers to printf7.o(i._printf_core) for _printf_core
    printf7.o(i.__0vsprintf$7) refers to printf7.o(i._sputc) for _sputc
    printf7.o(i._printf_core) refers to printf7.o(i._printf_pre_padding) for _printf_pre_padding
    printf7.o(i._printf_core) refers to printf7.o(i._printf_post_padding) for _printf_post_padding
    printf7.o(i._printf_core) refers to uldiv.o(.text) for __aeabi_uldivmod
    printf8.o(i.__0fprintf$8) refers to printf8.o(i._printf_core) for _printf_core
    printf8.o(i.__0fprintf$8) refers to kea128_uart.o(i.fputc) for fputc
    printf8.o(i.__0printf$8) refers to printf8.o(i._printf_core) for _printf_core
    printf8.o(i.__0printf$8) refers to kea128_uart.o(i.fputc) for fputc
    printf8.o(i.__0printf$8) refers to stdout.o(.data) for __stdout
    printf8.o(i.__0snprintf$8) refers to printf8.o(i._printf_core) for _printf_core
    printf8.o(i.__0snprintf$8) refers to printf8.o(i._snputc) for _snputc
    printf8.o(i.__0sprintf$8) refers to printf8.o(i._printf_core) for _printf_core
    printf8.o(i.__0sprintf$8) refers to printf8.o(i._sputc) for _sputc
    printf8.o(i.__0vfprintf$8) refers to printf8.o(i._printf_core) for _printf_core
    printf8.o(i.__0vfprintf$8) refers to kea128_uart.o(i.fputc) for fputc
    printf8.o(i.__0vprintf$8) refers to printf8.o(i._printf_core) for _printf_core
    printf8.o(i.__0vprintf$8) refers to kea128_uart.o(i.fputc) for fputc
    printf8.o(i.__0vprintf$8) refers to stdout.o(.data) for __stdout
    printf8.o(i.__0vsnprintf$8) refers to printf8.o(i._printf_core) for _printf_core
    printf8.o(i.__0vsnprintf$8) refers to printf8.o(i._snputc) for _snputc
    printf8.o(i.__0vsprintf$8) refers to printf8.o(i._printf_core) for _printf_core
    printf8.o(i.__0vsprintf$8) refers to printf8.o(i._sputc) for _sputc
    printf8.o(i._printf_core) refers to printf8.o(i._printf_pre_padding) for _printf_pre_padding
    printf8.o(i._printf_core) refers to printf8.o(i._printf_post_padding) for _printf_post_padding
    printf8.o(i._printf_core) refers to uldiv.o(.text) for __aeabi_uldivmod
    printfa.o(i.__0fprintf) refers (Special) to iusefp.o(.text) for __I$use$fp
    printfa.o(i.__0fprintf) refers to printfa.o(i._printf_core) for _printf_core
    printfa.o(i.__0fprintf) refers to kea128_uart.o(i.fputc) for fputc
    printfa.o(i.__0printf) refers (Special) to iusefp.o(.text) for __I$use$fp
    printfa.o(i.__0printf) refers to printfa.o(i._printf_core) for _printf_core
    printfa.o(i.__0printf) refers to kea128_uart.o(i.fputc) for fputc
    printfa.o(i.__0printf) refers to stdout.o(.data) for __stdout
    printfa.o(i.__0snprintf) refers (Special) to iusefp.o(.text) for __I$use$fp
    printfa.o(i.__0snprintf) refers to printfa.o(i._printf_core) for _printf_core
    printfa.o(i.__0snprintf) refers to printfa.o(i._snputc) for _snputc
    printfa.o(i.__0sprintf) refers (Special) to iusefp.o(.text) for __I$use$fp
    printfa.o(i.__0sprintf) refers to printfa.o(i._printf_core) for _printf_core
    printfa.o(i.__0sprintf) refers to printfa.o(i._sputc) for _sputc
    printfa.o(i.__0vfprintf) refers (Special) to iusefp.o(.text) for __I$use$fp
    printfa.o(i.__0vfprintf) refers to printfa.o(i._printf_core) for _printf_core
    printfa.o(i.__0vfprintf) refers to kea128_uart.o(i.fputc) for fputc
    printfa.o(i.__0vprintf) refers (Special) to iusefp.o(.text) for __I$use$fp
    printfa.o(i.__0vprintf) refers to printfa.o(i._printf_core) for _printf_core
    printfa.o(i.__0vprintf) refers to kea128_uart.o(i.fputc) for fputc
    printfa.o(i.__0vprintf) refers to stdout.o(.data) for __stdout
    printfa.o(i.__0vsnprintf) refers (Special) to iusefp.o(.text) for __I$use$fp
    printfa.o(i.__0vsnprintf) refers to printfa.o(i._printf_core) for _printf_core
    printfa.o(i.__0vsnprintf) refers to printfa.o(i._snputc) for _snputc
    printfa.o(i.__0vsprintf) refers (Special) to iusefp.o(.text) for __I$use$fp
    printfa.o(i.__0vsprintf) refers to printfa.o(i._printf_core) for _printf_core
    printfa.o(i.__0vsprintf) refers to printfa.o(i._sputc) for _sputc
    printfa.o(i._fp_digits) refers (Special) to iusefp.o(.text) for __I$use$fp
    printfa.o(i._fp_digits) refers to dmul.o(.text) for __aeabi_dmul
    printfa.o(i._fp_digits) refers to ddiv.o(.text) for __aeabi_ddiv
    printfa.o(i._fp_digits) refers to cdrcmple.o(.text) for __aeabi_cdrcmple
    printfa.o(i._fp_digits) refers to dadd.o(.text) for __aeabi_dadd
    printfa.o(i._fp_digits) refers to dfixul.o(.text) for __aeabi_d2ulz
    printfa.o(i._fp_digits) refers to uldiv.o(.text) for __aeabi_uldivmod
    printfa.o(i._printf_core) refers (Special) to iusefp.o(.text) for __I$use$fp
    printfa.o(i._printf_core) refers to printfa.o(i._printf_pre_padding) for _printf_pre_padding
    printfa.o(i._printf_core) refers to uldiv.o(.text) for __aeabi_uldivmod
    printfa.o(i._printf_core) refers to printfa.o(i._printf_post_padding) for _printf_post_padding
    printfa.o(i._printf_core) refers to printfa.o(i._fp_digits) for _fp_digits
    printfa.o(i._printf_core) refers to uidiv.o(.text) for __aeabi_uidivmod
    printfa.o(i._printf_post_padding) refers (Special) to iusefp.o(.text) for __I$use$fp
    printfa.o(i._printf_pre_padding) refers (Special) to iusefp.o(.text) for __I$use$fp
    printfa.o(i._snputc) refers (Special) to iusefp.o(.text) for __I$use$fp
    printfa.o(i._sputc) refers (Special) to iusefp.o(.text) for __I$use$fp
    fflti.o(.text) refers (Special) to iusefp.o(.text) for __I$use$fp
    fflti.o(.text) refers to fepilogue.o(.text) for _float_epilogue
    ffltui.o(.text) refers (Special) to iusefp.o(.text) for __I$use$fp
    ffltui.o(.text) refers to fepilogue.o(.text) for _float_epilogue
    cfcmple.o(.text) refers (Special) to iusefp.o(.text) for __I$use$fp
    cfrcmple.o(.text) refers (Special) to iusefp.o(.text) for __I$use$fp
    entry2.o(.ARM.Collect$$$$00000001) refers to entry2.o(.ARM.Collect$$$$00002712) for __lit__00000000
    entry2.o(.ARM.Collect$$$$00002712) refers to startup_skeaz1284.o(STACK) for __initial_sp
    entry2.o(__vectab_stack_and_reset_area) refers to startup_skeaz1284.o(STACK) for __initial_sp
    entry2.o(__vectab_stack_and_reset_area) refers to entry.o(.ARM.Collect$$$$00000000) for __main
    entry5.o(.ARM.Collect$$$$00000004) refers to init.o(.text) for __scatterload
    entry9a.o(.ARM.Collect$$$$0000000B) refers to main.o(i.main) for main
    entry9b.o(.ARM.Collect$$$$0000000C) refers to main.o(i.main) for main
    uldiv.o(.text) refers to llushr.o(.text) for __aeabi_llsr
    uldiv.o(.text) refers to llshl.o(.text) for __aeabi_llsl
    dadd.o(.text) refers to llshl.o(.text) for __aeabi_llsl
    dadd.o(.text) refers to llsshr.o(.text) for __aeabi_lasr
    dadd.o(.text) refers to depilogue.o(.text) for _double_epilogue
    dmul.o(.text) refers to depilogue.o(.text) for _double_epilogue
    ddiv.o(.text) refers to depilogue.o(.text) for _double_round
    dfixul.o(.text) refers to llushr.o(.text) for __aeabi_llsr
    dfixul.o(.text) refers to llshl.o(.text) for __aeabi_llsl
    init.o(.text) refers to entry5.o(.ARM.Collect$$$$00000004) for __main_after_scatterload
    depilogue.o(.text) refers to depilogue.o(i.__ARM_clz) for __ARM_clz
    depilogue.o(.text) refers to llshl.o(.text) for __aeabi_llsl
    depilogue.o(.text) refers to llushr.o(.text) for __aeabi_llsr


==============================================================================

Removing Unused input sections from the image.

    Removing startup_skeaz1284.o(HEAP), (1024 bytes).
    Removing system_skeaz1284.o(.rev16_text), (4 bytes).
    Removing system_skeaz1284.o(.revsh_text), (4 bytes).
    Removing misc.o(.rev16_text), (4 bytes).
    Removing misc.o(.revsh_text), (4 bytes).
    Removing misc.o(i.write_vtor), (12 bytes).
    Removing common.o(.rev16_text), (4 bytes).
    Removing common.o(.revsh_text), (4 bytes).
    Removing kea128_adc.o(.rev16_text), (4 bytes).
    Removing kea128_adc.o(.revsh_text), (4 bytes).
    Removing kea128_adc.o(i.adc_stop), (12 bytes).
    Removing kea128_flash.o(.rev16_text), (4 bytes).
    Removing kea128_flash.o(.revsh_text), (4 bytes).
    Removing kea128_flash.o(i.FLASH_EraseSector), (48 bytes).
    Removing kea128_flash.o(i.FLASH_GetSectorSize), (6 bytes).
    Removing kea128_flash.o(i.FLASH_Init), (76 bytes).
    Removing kea128_flash.o(i.FLASH_WriteSector), (112 bytes).
    Removing kea128_flash.o(i.FlashCmdStart), (92 bytes).
    Removing kea128_flash.o(.data), (20 bytes).
    Removing kea128_ftm.o(.rev16_text), (4 bytes).
    Removing kea128_ftm.o(.revsh_text), (4 bytes).
    Removing kea128_ftm.o(i.ftm_count_clean), (16 bytes).
    Removing kea128_ftm.o(i.ftm_count_get), (20 bytes).
    Removing kea128_ftm.o(i.ftm_count_init), (60 bytes).
    Removing kea128_ftm.o(i.ftm_count_mux), (176 bytes).
    Removing kea128_ftm.o(i.ftm_pwm_duty), (136 bytes).
    Removing kea128_ftm.o(i.ftm_pwm_freq), (132 bytes).
    Removing kea128_gpio.o(.rev16_text), (4 bytes).
    Removing kea128_gpio.o(.revsh_text), (4 bytes).
    Removing kea128_gpio.o(i.gpio_ddr), (168 bytes).
    Removing kea128_gpio.o(i.gpio_get), (44 bytes).
    Removing kea128_gpio.o(i.gpio_turn), (40 bytes).
    Removing kea128_irq.o(.rev16_text), (4 bytes).
    Removing kea128_irq.o(.revsh_text), (4 bytes).
    Removing kea128_irq.o(i.irq_init), (84 bytes).
    Removing kea128_kbi.o(.rev16_text), (4 bytes).
    Removing kea128_kbi.o(.revsh_text), (4 bytes).
    Removing kea128_kbi.o(i.kbi_init), (248 bytes).
    Removing kea128_kbi.o(.data), (8 bytes).
    Removing kea128_pit.o(.rev16_text), (4 bytes).
    Removing kea128_pit.o(.revsh_text), (4 bytes).
    Removing kea128_pit.o(i.pit_close), (48 bytes).
    Removing kea128_pit.o(i.pit_delay), (132 bytes).
    Removing kea128_pit.o(i.pit_init), (96 bytes).
    Removing kea128_pit.o(i.pit_time_get), (88 bytes).
    Removing kea128_pit.o(i.pit_time_start), (96 bytes).
    Removing kea128_port.o(.rev16_text), (4 bytes).
    Removing kea128_port.o(.revsh_text), (4 bytes).
    Removing kea128_uart.o(.rev16_text), (4 bytes).
    Removing kea128_uart.o(.revsh_text), (4 bytes).
    Removing kea128_uart.o(i.NVIC_DisableIRQ), (20 bytes).
    Removing kea128_uart.o(i.NVIC_EnableIRQ), (20 bytes).
    Removing kea128_uart.o(i.uart_getchar), (36 bytes).
    Removing kea128_uart.o(i.uart_putbuff), (30 bytes).
    Removing kea128_uart.o(i.uart_putstr), (26 bytes).
    Removing kea128_uart.o(i.uart_rx_irq_dis), (56 bytes).
    Removing kea128_uart.o(i.uart_rx_irq_en), (40 bytes).
    Removing kea128_uart.o(i.uart_txc_irq_dis), (56 bytes).
    Removing kea128_uart.o(i.uart_txc_irq_en), (40 bytes).
    Removing kea128_systick.o(.rev16_text), (4 bytes).
    Removing kea128_systick.o(.revsh_text), (4 bytes).
    Removing kea128_systick.o(i.systick_getval), (12 bytes).
    Removing kea128_systick.o(i.systick_timing), (24 bytes).
    Removing kea128_i2c.o(.rev16_text), (4 bytes).
    Removing kea128_i2c.o(.revsh_text), (4 bytes).
    Removing kea128_i2c.o(i.i2c_Wait), (164 bytes).
    Removing kea128_i2c.o(i.i2c_delay), (24 bytes).
    Removing kea128_i2c.o(i.i2c_init), (280 bytes).
    Removing kea128_i2c.o(i.i2c_read_reg), (188 bytes).
    Removing kea128_i2c.o(i.i2c_read_reg_bytes), (280 bytes).
    Removing kea128_i2c.o(i.i2c_write_reg), (104 bytes).
    Removing kea128_i2c.o(.constdata), (128 bytes).
    Removing kea128_i2c.o(.data), (12 bytes).
    Removing kea128_spi.o(.rev16_text), (4 bytes).
    Removing kea128_spi.o(.revsh_text), (4 bytes).
    Removing kea128_spi.o(i.spi_init), (308 bytes).
    Removing kea128_spi.o(i.spi_mosi), (96 bytes).
    Removing kea128_spi.o(i.spi_mosi_cmd), (44 bytes).
    Removing kea128_spi.o(.constdata), (36 bytes).
    Removing kea128_spi.o(.data), (8 bytes).
    Removing font.o(.rev16_text), (4 bytes).
    Removing font.o(.revsh_text), (4 bytes).
    Removing font.o(.constdata), (3040 bytes).
    Removing seekfree_18tft.o(.rev16_text), (4 bytes).
    Removing seekfree_18tft.o(.revsh_text), (4 bytes).
    Removing seekfree_18tft.o(i.LCD_WriteData_16Bit), (54 bytes).
    Removing seekfree_18tft.o(i.Lcd_SetRegion), (86 bytes).
    Removing seekfree_18tft.o(i.Lcd_WriteData), (30 bytes).
    Removing seekfree_18tft.o(i.Lcd_WriteIndex), (30 bytes).
    Removing seekfree_18tft.o(i.dsp_single_colour), (48 bytes).
    Removing seekfree_18tft.o(i.lcd_init), (624 bytes).
    Removing seekfree_18tft.o(i.lcd_showchar), (108 bytes).
    Removing seekfree_18tft.o(i.lcd_showint16), (172 bytes).
    Removing seekfree_18tft.o(i.lcd_showint8), (126 bytes).
    Removing seekfree_18tft.o(i.lcd_showstr), (40 bytes).
    Removing seekfree_18tft.o(i.lcd_showuint16), (140 bytes).
    Removing seekfree_18tft.o(i.lcd_showuint8), (92 bytes).
    Removing seekfree_18tft.o(i.showimage), (112 bytes).
    Removing seekfree_18tft.o(i.tft_delay), (12 bytes).
    Removing seekfree_18tft.o(.constdata), (3200 bytes).
    Removing seekfree_fun.o(.rev16_text), (4 bytes).
    Removing seekfree_fun.o(.revsh_text), (4 bytes).
    Removing seekfree_fun.o(i.limit), (58 bytes).
    Removing seekfree_fun.o(i.limit_ab), (14 bytes).
    Removing seekfree_fun.o(i.my_delay), (12 bytes).
    Removing seekfree_fun.o(i.myabs), (14 bytes).
    Removing seekfree_iic.o(.rev16_text), (4 bytes).
    Removing seekfree_iic.o(.revsh_text), (4 bytes).
    Removing seekfree_iic.o(i.I2C_SendACK), (64 bytes).
    Removing seekfree_iic.o(i.IIC_init), (36 bytes).
    Removing seekfree_iic.o(i.IIC_start), (44 bytes).
    Removing seekfree_iic.o(i.IIC_stop), (48 bytes).
    Removing seekfree_iic.o(i.SCCB_WaitAck), (88 bytes).
    Removing seekfree_iic.o(i.read_ch), (122 bytes).
    Removing seekfree_iic.o(i.send_ch), (78 bytes).
    Removing seekfree_iic.o(i.simiic_delay), (16 bytes).
    Removing seekfree_iic.o(i.simiic_read_reg), (64 bytes).
    Removing seekfree_iic.o(i.simiic_read_regs), (84 bytes).
    Removing seekfree_iic.o(i.simiic_write_reg), (38 bytes).
    Removing seekfree_iic.o(.data), (9 bytes).
    Removing seekfree_l3g4200d.o(.rev16_text), (4 bytes).
    Removing seekfree_l3g4200d.o(.revsh_text), (4 bytes).
    Removing seekfree_l3g4200d.o(i.InitL3G4200D), (72 bytes).
    Removing seekfree_l3g4200d.o(i.get_l3g4200d), (112 bytes).
    Removing seekfree_l3g4200d.o(.data), (7 bytes).
    Removing seekfree_mma8451.o(.rev16_text), (4 bytes).
    Removing seekfree_mma8451.o(.revsh_text), (4 bytes).
    Removing seekfree_mma8451.o(i.MMA845x_init), (64 bytes).
    Removing seekfree_mma8451.o(i.get_mma8451), (172 bytes).
    Removing seekfree_mma8451.o(.data), (6 bytes).
    Removing seekfree_mpu6050.o(.rev16_text), (4 bytes).
    Removing seekfree_mpu6050.o(.revsh_text), (4 bytes).
    Removing seekfree_mpu6050.o(i.Get_AccData), (88 bytes).
    Removing seekfree_mpu6050.o(i.Get_Gyro), (88 bytes).
    Removing seekfree_mpu6050.o(i.InitMPU6050), (74 bytes).
    Removing seekfree_mpu6050.o(.data), (12 bytes).
    Removing seekfree_nrf24l01.o(.rev16_text), (4 bytes).
    Removing seekfree_nrf24l01.o(.revsh_text), (4 bytes).
    Removing seekfree_nrf24l01.o(i.NRF_Check), (26 bytes).
    Removing seekfree_nrf24l01.o(i.NRF_Dev_Init), (204 bytes).
    Removing seekfree_nrf24l01.o(i.NRF_Rece_Packet), (58 bytes).
    Removing seekfree_nrf24l01.o(i.NRF_SPI_R_Reg_Burst), (56 bytes).
    Removing seekfree_nrf24l01.o(i.NRF_SPI_R_Reg_Byte), (38 bytes).
    Removing seekfree_nrf24l01.o(i.NRF_SPI_WR_Byte), (60 bytes).
    Removing seekfree_nrf24l01.o(i.NRF_SPI_W_Cmd_Byte), (32 bytes).
    Removing seekfree_nrf24l01.o(i.NRF_SPI_W_Reg_Burst), (54 bytes).
    Removing seekfree_nrf24l01.o(i.NRF_SPI_W_Reg_Byte), (40 bytes).
    Removing seekfree_nrf24l01.o(i.NRF_Send_Packet), (140 bytes).
    Removing seekfree_nrf24l01.o(.bss), (64 bytes).
    Removing seekfree_nrf24l01.o(.data), (5 bytes).
    Removing seekfree_oled.o(.rev16_text), (4 bytes).
    Removing seekfree_oled.o(.revsh_text), (4 bytes).
    Removing seekfree_oled.o(i.OLED_ClrPixel), (74 bytes).
    Removing seekfree_oled.o(i.OLED_PutPixel), (74 bytes).
    Removing seekfree_oled.o(i.OLED_Wr6Dat), (82 bytes).
    Removing seekfree_oled.o(i.dis_bmp), (536 bytes).
    Removing seekfree_tsl1401.o(.rev16_text), (4 bytes).
    Removing seekfree_tsl1401.o(.revsh_text), (4 bytes).
    Removing seekfree_tsl1401.o(i.NVIC_SetPriority), (120 bytes).
    Removing seekfree_tsl1401.o(i.ccd_collect), (100 bytes).
    Removing seekfree_tsl1401.o(i.ccd_init), (80 bytes).
    Removing seekfree_tsl1401.o(.bss), (256 bytes).
    Removing isr.o(.rev16_text), (4 bytes).
    Removing isr.o(.revsh_text), (4 bytes).
    Removing main.o(.rev16_text), (4 bytes).
    Removing main.o(.revsh_text), (4 bytes).
    Removing fflti.o(.text), (22 bytes).
    Removing ffltui.o(.text), (14 bytes).
    Removing cfcmple.o(.text), (20 bytes).
    Removing cfrcmple.o(.text), (20 bytes).
    Removing fepilogue.o(.text), (130 bytes).
    Removing dadd.o(.text), (356 bytes).
    Removing dmul.o(.text), (208 bytes).
    Removing ddiv.o(.text), (240 bytes).
    Removing dfixul.o(.text), (64 bytes).
    Removing cdrcmple.o(.text), (40 bytes).
    Removing depilogue.o(.text), (190 bytes).
    Removing depilogue.o(i.__ARM_clz), (46 bytes).

178 unused section(s) (total 18089 bytes) removed from the image.

==============================================================================

Image Symbol Table

    Local Symbols

    Symbol Name                              Value     Ov Type        Size  Object(Section)

    RESET                                    0x00000000   Section      192  startup_skeaz1284.o(RESET)
    ../clib/microlib/division.c              0x00000000   Number         0  uldiv.o ABSOLUTE
    ../clib/microlib/division.c              0x00000000   Number         0  uidiv.o ABSOLUTE
    ../clib/microlib/division.c              0x00000000   Number         0  idiv.o ABSOLUTE
    ../clib/microlib/init/entry.s            0x00000000   Number         0  entry11b.o ABSOLUTE
    ../clib/microlib/init/entry.s            0x00000000   Number         0  entry7b.o ABSOLUTE
    ../clib/microlib/init/entry.s            0x00000000   Number         0  entry7a.o ABSOLUTE
    ../clib/microlib/init/entry.s            0x00000000   Number         0  entry.o ABSOLUTE
    ../clib/microlib/init/entry.s            0x00000000   Number         0  entry5.o ABSOLUTE
    ../clib/microlib/init/entry.s            0x00000000   Number         0  entry10a.o ABSOLUTE
    ../clib/microlib/init/entry.s            0x00000000   Number         0  entry10b.o ABSOLUTE
    ../clib/microlib/init/entry.s            0x00000000   Number         0  entry11a.o ABSOLUTE
    ../clib/microlib/init/entry.s            0x00000000   Number         0  entry2.o ABSOLUTE
    ../clib/microlib/init/entry.s            0x00000000   Number         0  entry9b.o ABSOLUTE
    ../clib/microlib/init/entry.s            0x00000000   Number         0  entry9a.o ABSOLUTE
    ../clib/microlib/init/entry.s            0x00000000   Number         0  entry8b.o ABSOLUTE
    ../clib/microlib/init/entry.s            0x00000000   Number         0  entry8a.o ABSOLUTE
    ../clib/microlib/longlong.c              0x00000000   Number         0  llshl.o ABSOLUTE
    ../clib/microlib/longlong.c              0x00000000   Number         0  llsshr.o ABSOLUTE
    ../clib/microlib/longlong.c              0x00000000   Number         0  llushr.o ABSOLUTE
    ../clib/microlib/printf/printf.c         0x00000000   Number         0  printfa.o ABSOLUTE
    ../clib/microlib/printf/printf.c         0x00000000   Number         0  printfb.o ABSOLUTE
    ../clib/microlib/printf/printf.c         0x00000000   Number         0  printf7.o ABSOLUTE
    ../clib/microlib/printf/printf.c         0x00000000   Number         0  printf6.o ABSOLUTE
    ../clib/microlib/printf/printf.c         0x00000000   Number         0  printf5.o ABSOLUTE
    ../clib/microlib/printf/printf.c         0x00000000   Number         0  printf8.o ABSOLUTE
    ../clib/microlib/printf/printf.c         0x00000000   Number         0  printf0.o ABSOLUTE
    ../clib/microlib/printf/printf.c         0x00000000   Number         0  printf4.o ABSOLUTE
    ../clib/microlib/printf/printf.c         0x00000000   Number         0  printf3.o ABSOLUTE
    ../clib/microlib/printf/printf.c         0x00000000   Number         0  printf2.o ABSOLUTE
    ../clib/microlib/printf/printf.c         0x00000000   Number         0  printf1.o ABSOLUTE
    ../clib/microlib/stdio/streams.c         0x00000000   Number         0  stdout.o ABSOLUTE
    ../clib/microlib/string/memcpy.c         0x00000000   Number         0  memcpyb.o ABSOLUTE
    ../clib/microlib/string/memcpy.c         0x00000000   Number         0  memcpya.o ABSOLUTE
    ../clib/microlib/stubs.s                 0x00000000   Number         0  iusefp.o ABSOLUTE
    ../fplib/microlib/fpadd.c                0x00000000   Number         0  dadd.o ABSOLUTE
    ../fplib/microlib/fpdiv.c                0x00000000   Number         0  ddiv.o ABSOLUTE
    ../fplib/microlib/fpepilogue.c           0x00000000   Number         0  fepilogue.o ABSOLUTE
    ../fplib/microlib/fpepilogue.c           0x00000000   Number         0  depilogue.o ABSOLUTE
    ../fplib/microlib/fpfix.c                0x00000000   Number         0  dfixul.o ABSOLUTE
    ../fplib/microlib/fpflt.c                0x00000000   Number         0  ffltui.o ABSOLUTE
    ../fplib/microlib/fpflt.c                0x00000000   Number         0  fflti.o ABSOLUTE
    ../fplib/microlib/fpmul.c                0x00000000   Number         0  dmul.o ABSOLUTE
    ..\..\Libraries\drives\src\KEA128_adc.c  0x00000000   Number         0  kea128_adc.o ABSOLUTE
    ..\..\Libraries\drives\src\KEA128_flash.c 0x00000000   Number         0  kea128_flash.o ABSOLUTE
    ..\..\Libraries\drives\src\KEA128_ftm.c  0x00000000   Number         0  kea128_ftm.o ABSOLUTE
    ..\..\Libraries\drives\src\KEA128_gpio.c 0x00000000   Number         0  kea128_gpio.o ABSOLUTE
    ..\..\Libraries\drives\src\KEA128_i2c.c  0x00000000   Number         0  kea128_i2c.o ABSOLUTE
    ..\..\Libraries\drives\src\KEA128_irq.c  0x00000000   Number         0  kea128_irq.o ABSOLUTE
    ..\..\Libraries\drives\src\KEA128_kbi.c  0x00000000   Number         0  kea128_kbi.o ABSOLUTE
    ..\..\Libraries\drives\src\KEA128_pit.c  0x00000000   Number         0  kea128_pit.o ABSOLUTE
    ..\..\Libraries\drives\src\KEA128_port.c 0x00000000   Number         0  kea128_port.o ABSOLUTE
    ..\..\Libraries\drives\src\KEA128_spi.c  0x00000000   Number         0  kea128_spi.o ABSOLUTE
    ..\..\Libraries\drives\src\KEA128_systick.c 0x00000000   Number         0  kea128_systick.o ABSOLUTE
    ..\..\Libraries\drives\src\KEA128_uart.c 0x00000000   Number         0  kea128_uart.o ABSOLUTE
    ..\..\Libraries\drives\src\common.c      0x00000000   Number         0  common.o ABSOLUTE
    ..\..\Libraries\drives\src\misc.c        0x00000000   Number         0  misc.o ABSOLUTE
    ..\..\Libraries\seekfree\SEEKFREE_18TFT.c 0x00000000   Number         0  seekfree_18tft.o ABSOLUTE
    ..\..\Libraries\seekfree\SEEKFREE_FUN.c  0x00000000   Number         0  seekfree_fun.o ABSOLUTE
    ..\..\Libraries\seekfree\SEEKFREE_IIC.c  0x00000000   Number         0  seekfree_iic.o ABSOLUTE
    ..\..\Libraries\seekfree\SEEKFREE_L3G4200D.c 0x00000000   Number         0  seekfree_l3g4200d.o ABSOLUTE
    ..\..\Libraries\seekfree\SEEKFREE_MMA8451.c 0x00000000   Number         0  seekfree_mma8451.o ABSOLUTE
    ..\..\Libraries\seekfree\SEEKFREE_MPU6050.c 0x00000000   Number         0  seekfree_mpu6050.o ABSOLUTE
    ..\..\Libraries\seekfree\SEEKFREE_NRF24L01.c 0x00000000   Number         0  seekfree_nrf24l01.o ABSOLUTE
    ..\..\Libraries\seekfree\SEEKFREE_OLED.c 0x00000000   Number         0  seekfree_oled.o ABSOLUTE
    ..\..\Libraries\seekfree\SEEKFREE_TSL1401.c 0x00000000   Number         0  seekfree_tsl1401.o ABSOLUTE
    ..\..\Libraries\seekfree\font.c          0x00000000   Number         0  font.o ABSOLUTE
    ..\..\Libraries\startup\DeviceSupport\MDK-ARM\startup_SKEAZ1284.s 0x00000000   Number         0  startup_skeaz1284.o ABSOLUTE
    ..\..\Libraries\startup\DeviceSupport\system_SKEAZ1284.c 0x00000000   Number         0  system_skeaz1284.o ABSOLUTE
    ..\USER\src\isr.c                        0x00000000   Number         0  isr.o ABSOLUTE
    ..\USER\src\main.c                       0x00000000   Number         0  main.o ABSOLUTE
    ..\\..\\Libraries\\drives\\src\\KEA128_adc.c 0x00000000   Number         0  kea128_adc.o ABSOLUTE
    ..\\..\\Libraries\\drives\\src\\KEA128_flash.c 0x00000000   Number         0  kea128_flash.o ABSOLUTE
    ..\\..\\Libraries\\drives\\src\\KEA128_ftm.c 0x00000000   Number         0  kea128_ftm.o ABSOLUTE
    ..\\..\\Libraries\\drives\\src\\KEA128_gpio.c 0x00000000   Number         0  kea128_gpio.o ABSOLUTE
    ..\\..\\Libraries\\drives\\src\\KEA128_i2c.c 0x00000000   Number         0  kea128_i2c.o ABSOLUTE
    ..\\..\\Libraries\\drives\\src\\KEA128_irq.c 0x00000000   Number         0  kea128_irq.o ABSOLUTE
    ..\\..\\Libraries\\drives\\src\\KEA128_kbi.c 0x00000000   Number         0  kea128_kbi.o ABSOLUTE
    ..\\..\\Libraries\\drives\\src\\KEA128_pit.c 0x00000000   Number         0  kea128_pit.o ABSOLUTE
    ..\\..\\Libraries\\drives\\src\\KEA128_port.c 0x00000000   Number         0  kea128_port.o ABSOLUTE
    ..\\..\\Libraries\\drives\\src\\KEA128_spi.c 0x00000000   Number         0  kea128_spi.o ABSOLUTE
    ..\\..\\Libraries\\drives\\src\\KEA128_systick.c 0x00000000   Number         0  kea128_systick.o ABSOLUTE
    ..\\..\\Libraries\\drives\\src\\KEA128_uart.c 0x00000000   Number         0  kea128_uart.o ABSOLUTE
    ..\\..\\Libraries\\drives\\src\\common.c 0x00000000   Number         0  common.o ABSOLUTE
    ..\\..\\Libraries\\drives\\src\\misc.c   0x00000000   Number         0  misc.o ABSOLUTE
    ..\\..\\Libraries\\seekfree\\SEEKFREE_18TFT.c 0x00000000   Number         0  seekfree_18tft.o ABSOLUTE
    ..\\..\\Libraries\\seekfree\\SEEKFREE_FUN.c 0x00000000   Number         0  seekfree_fun.o ABSOLUTE
    ..\\..\\Libraries\\seekfree\\SEEKFREE_IIC.c 0x00000000   Number         0  seekfree_iic.o ABSOLUTE
    ..\\..\\Libraries\\seekfree\\SEEKFREE_L3G4200D.c 0x00000000   Number         0  seekfree_l3g4200d.o ABSOLUTE
    ..\\..\\Libraries\\seekfree\\SEEKFREE_MMA8451.c 0x00000000   Number         0  seekfree_mma8451.o ABSOLUTE
    ..\\..\\Libraries\\seekfree\\SEEKFREE_MPU6050.c 0x00000000   Number         0  seekfree_mpu6050.o ABSOLUTE
    ..\\..\\Libraries\\seekfree\\SEEKFREE_NRF24L01.c 0x00000000   Number         0  seekfree_nrf24l01.o ABSOLUTE
    ..\\..\\Libraries\\seekfree\\SEEKFREE_OLED.c 0x00000000   Number         0  seekfree_oled.o ABSOLUTE
    ..\\..\\Libraries\\seekfree\\SEEKFREE_TSL1401.c 0x00000000   Number         0  seekfree_tsl1401.o ABSOLUTE
    ..\\..\\Libraries\\seekfree\\font.c      0x00000000   Number         0  font.o ABSOLUTE
    ..\\..\\Libraries\\startup\\DeviceSupport\\system_SKEAZ1284.c 0x00000000   Number         0  system_skeaz1284.o ABSOLUTE
    ..\\USER\\src\\isr.c                     0x00000000   Number         0  isr.o ABSOLUTE
    ..\\USER\\src\\main.c                    0x00000000   Number         0  main.o ABSOLUTE
    cdrcmple.s                               0x00000000   Number         0  cdrcmple.o ABSOLUTE
    cfcmple.s                                0x00000000   Number         0  cfcmple.o ABSOLUTE
    cfrcmple.s                               0x00000000   Number         0  cfrcmple.o ABSOLUTE
    dc.s                                     0x00000000   Number         0  dc.o ABSOLUTE
    handlers.s                               0x00000000   Number         0  handlers.o ABSOLUTE
    init.s                                   0x00000000   Number         0  init.o ABSOLUTE
    .ARM.Collect$$$$00000000                 0x000000c0   Section        0  entry.o(.ARM.Collect$$$$00000000)
    .ARM.Collect$$$$00000001                 0x000000c0   Section        4  entry2.o(.ARM.Collect$$$$00000001)
    .ARM.Collect$$$$00000004                 0x000000c4   Section        4  entry5.o(.ARM.Collect$$$$00000004)
    .ARM.Collect$$$$00000008                 0x000000c8   Section        0  entry7b.o(.ARM.Collect$$$$00000008)
    .ARM.Collect$$$$0000000A                 0x000000c8   Section        0  entry8b.o(.ARM.Collect$$$$0000000A)
    .ARM.Collect$$$$0000000B                 0x000000c8   Section        8  entry9a.o(.ARM.Collect$$$$0000000B)
    .ARM.Collect$$$$0000000D                 0x000000d0   Section        0  entry10a.o(.ARM.Collect$$$$0000000D)
    .ARM.Collect$$$$0000000F                 0x000000d0   Section        0  entry11a.o(.ARM.Collect$$$$0000000F)
    .ARM.Collect$$$$00002712                 0x000000d0   Section        4  entry2.o(.ARM.Collect$$$$00002712)
    __lit__00000000                          0x000000d0   Data           4  entry2.o(.ARM.Collect$$$$00002712)
    .text                                    0x000000d4   Section       40  startup_skeaz1284.o(.text)
    .text                                    0x000000fc   Section        0  uidiv.o(.text)
    .text                                    0x00000128   Section        0  idiv.o(.text)
    .text                                    0x00000150   Section        0  memcpya.o(.text)
    .text                                    0x00000174   Section       36  init.o(.text)
    i.IRQ_IRQHandler                         0x00000198   Section        0  isr.o(i.IRQ_IRQHandler)
    i.KBI0_IRQHandler                        0x000001ac   Section        0  isr.o(i.KBI0_IRQHandler)
    i.OLED_DLY_ms                            0x000001c0   Section        0  seekfree_oled.o(i.OLED_DLY_ms)
    i.OLED_Fill                              0x000001dc   Section        0  seekfree_oled.o(i.OLED_Fill)
    i.OLED_HEXACSII                          0x00000216   Section        0  seekfree_oled.o(i.OLED_HEXACSII)
    i.OLED_Init                              0x00000248   Section        0  seekfree_oled.o(i.OLED_Init)
    i.OLED_P6x8Str                           0x0000035c   Section        0  seekfree_oled.o(i.OLED_P6x8Str)
    i.OLED_Print_Num                         0x000003c0   Section        0  seekfree_oled.o(i.OLED_Print_Num)
    i.__scatterload_copy                     0x000003f0   Section       14  handlers.o(i.__scatterload_copy)
    i.__scatterload_null                     0x000003fe   Section        2  handlers.o(i.__scatterload_null)
    .ARM.__at_0x400                          0x00000400   Section       16  startup_skeaz1284.o(.ARM.__at_0x400)
    i.OLED_P8x16Str                          0x00000410   Section        0  seekfree_oled.o(i.OLED_P8x16Str)
    i.OLED_Print_Num1                        0x0000049c   Section        0  seekfree_oled.o(i.OLED_Print_Num1)
    i.OLED_Set_Pos                           0x000004f4   Section        0  seekfree_oled.o(i.OLED_Set_Pos)
    i.OLED_WrCmd                             0x00000522   Section        0  seekfree_oled.o(i.OLED_WrCmd)
    i.OLED_WrDat                             0x00000574   Section        0  seekfree_oled.o(i.OLED_WrDat)
    i.PIT_CH0_IRQHandler                     0x000005c8   Section        0  isr.o(i.PIT_CH0_IRQHandler)
    i.PIT_CH1_IRQHandler                     0x000005dc   Section        0  isr.o(i.PIT_CH1_IRQHandler)
    i.Start                                  0x000005f0   Section        0  system_skeaz1284.o(i.Start)
    i.__0printf$bare                         0x00000650   Section        0  printfb.o(i.__0printf$bare)
    i.__ARM_common_switch8                   0x00000664   Section        0  kea128_ftm.o(i.__ARM_common_switch8)
    i.__scatterload_zeroinit                 0x00000680   Section       14  handlers.o(i.__scatterload_zeroinit)
    i._printf_core                           0x0000068e   Section        0  printfb.o(i._printf_core)
    _printf_core                             0x0000068f   Thumb Code    30  printfb.o(i._printf_core)
    i.adc_init                               0x000006ac   Section        0  kea128_adc.o(i.adc_init)
    i.adc_once                               0x000006d8   Section        0  kea128_adc.o(i.adc_once)
    i.disable_wdog                           0x0000070c   Section        0  system_skeaz1284.o(i.disable_wdog)
    i.fputc                                  0x00000724   Section        0  kea128_uart.o(i.fputc)
    i.ftm_pwm_init                           0x00000738   Section        0  kea128_ftm.o(i.ftm_pwm_init)
    i.ftm_pwm_mux                            0x0000085c   Section        0  kea128_ftm.o(i.ftm_pwm_mux)
    i.get_clk                                0x00000990   Section        0  common.o(i.get_clk)
    i.gpio_init                              0x00000a5c   Section        0  kea128_gpio.o(i.gpio_init)
    i.gpio_set                               0x00000b38   Section        0  kea128_gpio.o(i.gpio_set)
    i.main                                   0x00000b74   Section        0  main.o(i.main)
    i.port_pull                              0x00000bfc   Section        0  kea128_port.o(i.port_pull)
    i.systick_delay                          0x00000c4c   Section        0  kea128_systick.o(i.systick_delay)
    i.systick_delay_ms                       0x00000c7c   Section        0  kea128_systick.o(i.systick_delay_ms)
    i.uart_init                              0x00000c98   Section        0  kea128_uart.o(i.uart_init)
    i.uart_mux                               0x00000d50   Section        0  kea128_uart.o(i.uart_mux)
    i.uart_putchar                           0x00000dd0   Section        0  kea128_uart.o(i.uart_putchar)
    .constdata                               0x00000df0   Section       22  common.o(.constdata)
    .constdata                               0x00000e08   Section       12  kea128_ftm.o(.constdata)
    FTMX                                     0x00000e08   Data          12  kea128_ftm.o(.constdata)
    .constdata                               0x00000e14   Section       12  kea128_gpio.o(.constdata)
    GPIOX                                    0x00000e14   Data          12  kea128_gpio.o(.constdata)
    .constdata                               0x00000e20   Section     2072  seekfree_oled.o(.constdata)
    .data                                    0x1ffff000   Section       16  common.o(.data)
    .data                                    0x1ffff010   Section       12  kea128_ftm.o(.data)
    .data                                    0x1ffff01c   Section       12  kea128_uart.o(.data)
    .data                                    0x1ffff028   Section        2  main.o(.data)
    .data                                    0x1ffff02c   Section        4  stdout.o(.data)
    STACK                                    0x1ffff030   Section     1024  startup_skeaz1284.o(STACK)

    Global Symbols

    Symbol Name                              Value     Ov Type        Size  Object(Section)

    BuildAttributes$$THM_ISAv3M$S$PE$A:L22$X:L11$S22$IEEE1$IW$USESV6$~STKCKD$USESV7$~SHL$OTIME$ROPI$EBA8$MICROLIB$REQ8$PRES8$EABIv2 0x00000000   Number         0  anon$$obj.o ABSOLUTE
    __ARM_use_no_argv                        0x00000000   Number         0  main.o ABSOLUTE
    __Vectors                                0x00000000   Data           4  startup_skeaz1284.o(RESET)
    __cpp_initialize__aeabi_                  - Undefined Weak Reference
    __cxa_finalize                            - Undefined Weak Reference
    __decompress                              - Undefined Weak Reference
    _clock_init                               - Undefined Weak Reference
    _microlib_exit                            - Undefined Weak Reference
    __Vectors_End                            0x000000c0   Data           0  startup_skeaz1284.o(RESET)
    __Vectors_Size                           0x000000c0   Number         0  startup_skeaz1284.o ABSOLUTE
    __main                                   0x000000c1   Thumb Code     0  entry.o(.ARM.Collect$$$$00000000)
    _main_stk                                0x000000c1   Thumb Code     0  entry2.o(.ARM.Collect$$$$00000001)
    _main_scatterload                        0x000000c5   Thumb Code     0  entry5.o(.ARM.Collect$$$$00000004)
    __main_after_scatterload                 0x000000c9   Thumb Code     0  entry5.o(.ARM.Collect$$$$00000004)
    _main_clock                              0x000000c9   Thumb Code     0  entry7b.o(.ARM.Collect$$$$00000008)
    _main_cpp_init                           0x000000c9   Thumb Code     0  entry8b.o(.ARM.Collect$$$$0000000A)
    _main_init                               0x000000c9   Thumb Code     0  entry9a.o(.ARM.Collect$$$$0000000B)
    __rt_final_cpp                           0x000000d1   Thumb Code     0  entry10a.o(.ARM.Collect$$$$0000000D)
    __rt_final_exit                          0x000000d1   Thumb Code     0  entry11a.o(.ARM.Collect$$$$0000000F)
    init_data_bss                            0x000000d5   Thumb Code     2  startup_skeaz1284.o(.text)
    Reset_Handler                            0x000000d7   Thumb Code    12  startup_skeaz1284.o(.text)
    NMI_Handler                              0x000000e3   Thumb Code     2  startup_skeaz1284.o(.text)
    HardFault_Handler                        0x000000e5   Thumb Code     2  startup_skeaz1284.o(.text)
    SVC_Handler                              0x000000e7   Thumb Code     2  startup_skeaz1284.o(.text)
    PendSV_Handler                           0x000000e9   Thumb Code     2  startup_skeaz1284.o(.text)
    SysTick_Handler                          0x000000eb   Thumb Code     2  startup_skeaz1284.o(.text)
    ACMP0_IRQHandler                         0x000000ed   Thumb Code     0  startup_skeaz1284.o(.text)
    ACMP1_IRQHandler                         0x000000ed   Thumb Code     0  startup_skeaz1284.o(.text)
    ADC_IRQHandler                           0x000000ed   Thumb Code     0  startup_skeaz1284.o(.text)
    DefaultISR                               0x000000ed   Thumb Code     0  startup_skeaz1284.o(.text)
    FTM0_IRQHandler                          0x000000ed   Thumb Code     0  startup_skeaz1284.o(.text)
    FTM1_IRQHandler                          0x000000ed   Thumb Code     0  startup_skeaz1284.o(.text)
    FTM2_IRQHandler                          0x000000ed   Thumb Code     0  startup_skeaz1284.o(.text)
    FTMRE_IRQHandler                         0x000000ed   Thumb Code     0  startup_skeaz1284.o(.text)
    I2C0_IRQHandler                          0x000000ed   Thumb Code     0  startup_skeaz1284.o(.text)
    I2C1_IRQHandler                          0x000000ed   Thumb Code     0  startup_skeaz1284.o(.text)
    ICS_IRQHandler                           0x000000ed   Thumb Code     0  startup_skeaz1284.o(.text)
    KBI1_IRQHandler                          0x000000ed   Thumb Code     0  startup_skeaz1284.o(.text)
    MSCAN_RX_IRQHandler                      0x000000ed   Thumb Code     0  startup_skeaz1284.o(.text)
    MSCAN_TX_IRQHandler                      0x000000ed   Thumb Code     0  startup_skeaz1284.o(.text)
    PMC_IRQHandler                           0x000000ed   Thumb Code     0  startup_skeaz1284.o(.text)
    PWT_IRQHandler                           0x000000ed   Thumb Code     0  startup_skeaz1284.o(.text)
    RTC_IRQHandler                           0x000000ed   Thumb Code     0  startup_skeaz1284.o(.text)
    Reserved16_IRQHandler                    0x000000ed   Thumb Code     0  startup_skeaz1284.o(.text)
    Reserved17_IRQHandler                    0x000000ed   Thumb Code     0  startup_skeaz1284.o(.text)
    Reserved18_IRQHandler                    0x000000ed   Thumb Code     0  startup_skeaz1284.o(.text)
    Reserved19_IRQHandler                    0x000000ed   Thumb Code     0  startup_skeaz1284.o(.text)
    Reserved20_IRQHandler                    0x000000ed   Thumb Code     0  startup_skeaz1284.o(.text)
    Reserved42_IRQHandler                    0x000000ed   Thumb Code     0  startup_skeaz1284.o(.text)
    SPI0_IRQHandler                          0x000000ed   Thumb Code     0  startup_skeaz1284.o(.text)
    SPI1_IRQHandler                          0x000000ed   Thumb Code     0  startup_skeaz1284.o(.text)
    UART0_IRQHandler                         0x000000ed   Thumb Code     0  startup_skeaz1284.o(.text)
    UART1_IRQHandler                         0x000000ed   Thumb Code     0  startup_skeaz1284.o(.text)
    UART2_IRQHandler                         0x000000ed   Thumb Code     0  startup_skeaz1284.o(.text)
    WDOG_IRQHandler                          0x000000ed   Thumb Code     0  startup_skeaz1284.o(.text)
    __aeabi_uidiv                            0x000000fd   Thumb Code     0  uidiv.o(.text)
    __aeabi_uidivmod                         0x000000fd   Thumb Code    44  uidiv.o(.text)
    __aeabi_idiv                             0x00000129   Thumb Code     0  idiv.o(.text)
    __aeabi_idivmod                          0x00000129   Thumb Code    40  idiv.o(.text)
    __aeabi_memcpy                           0x00000151   Thumb Code    36  memcpya.o(.text)
    __aeabi_memcpy4                          0x00000151   Thumb Code     0  memcpya.o(.text)
    __aeabi_memcpy8                          0x00000151   Thumb Code     0  memcpya.o(.text)
    __scatterload                            0x00000175   Thumb Code    28  init.o(.text)
    __scatterload_rt2                        0x00000175   Thumb Code     0  init.o(.text)
    IRQ_IRQHandler                           0x00000199   Thumb Code    14  isr.o(i.IRQ_IRQHandler)
    KBI0_IRQHandler                          0x000001ad   Thumb Code    14  isr.o(i.KBI0_IRQHandler)
    OLED_DLY_ms                              0x000001c1   Thumb Code    28  seekfree_oled.o(i.OLED_DLY_ms)
    OLED_Fill                                0x000001dd   Thumb Code    58  seekfree_oled.o(i.OLED_Fill)
    OLED_HEXACSII                            0x00000217   Thumb Code    50  seekfree_oled.o(i.OLED_HEXACSII)
    OLED_Init                                0x00000249   Thumb Code   274  seekfree_oled.o(i.OLED_Init)
    OLED_P6x8Str                             0x0000035d   Thumb Code    94  seekfree_oled.o(i.OLED_P6x8Str)
    OLED_Print_Num                           0x000003c1   Thumb Code    48  seekfree_oled.o(i.OLED_Print_Num)
    __scatterload_copy                       0x000003f1   Thumb Code    14  handlers.o(i.__scatterload_copy)
    __scatterload_null                       0x000003ff   Thumb Code     2  handlers.o(i.__scatterload_null)
    OLED_P8x16Str                            0x00000411   Thumb Code   134  seekfree_oled.o(i.OLED_P8x16Str)
    OLED_Print_Num1                          0x0000049d   Thumb Code    80  seekfree_oled.o(i.OLED_Print_Num1)
    OLED_Set_Pos                             0x000004f5   Thumb Code    46  seekfree_oled.o(i.OLED_Set_Pos)
    OLED_WrCmd                               0x00000523   Thumb Code    82  seekfree_oled.o(i.OLED_WrCmd)
    OLED_WrDat                               0x00000575   Thumb Code    82  seekfree_oled.o(i.OLED_WrDat)
    PIT_CH0_IRQHandler                       0x000005c9   Thumb Code    14  isr.o(i.PIT_CH0_IRQHandler)
    PIT_CH1_IRQHandler                       0x000005dd   Thumb Code    14  isr.o(i.PIT_CH1_IRQHandler)
    Start                                    0x000005f1   Thumb Code    82  system_skeaz1284.o(i.Start)
    __0printf$bare                           0x00000651   Thumb Code    12  printfb.o(i.__0printf$bare)
    __1printf$bare                           0x00000651   Thumb Code     0  printfb.o(i.__0printf$bare)
    __2printf                                0x00000651   Thumb Code     0  printfb.o(i.__0printf$bare)
    __ARM_common_switch8                     0x00000665   Thumb Code    28  kea128_ftm.o(i.__ARM_common_switch8)
    __scatterload_zeroinit                   0x00000681   Thumb Code    14  handlers.o(i.__scatterload_zeroinit)
    adc_init                                 0x000006ad   Thumb Code    34  kea128_adc.o(i.adc_init)
    adc_once                                 0x000006d9   Thumb Code    46  kea128_adc.o(i.adc_once)
    disable_wdog                             0x0000070d   Thumb Code    16  system_skeaz1284.o(i.disable_wdog)
    fputc                                    0x00000725   Thumb Code    18  kea128_uart.o(i.fputc)
    ftm_pwm_init                             0x00000739   Thumb Code   278  kea128_ftm.o(i.ftm_pwm_init)
    ftm_pwm_mux                              0x0000085d   Thumb Code   302  kea128_ftm.o(i.ftm_pwm_mux)
    get_clk                                  0x00000991   Thumb Code   170  common.o(i.get_clk)
    gpio_init                                0x00000a5d   Thumb Code   214  kea128_gpio.o(i.gpio_init)
    gpio_set                                 0x00000b39   Thumb Code    54  kea128_gpio.o(i.gpio_set)
    main                                     0x00000b75   Thumb Code   102  main.o(i.main)
    port_pull                                0x00000bfd   Thumb Code    74  kea128_port.o(i.port_pull)
    systick_delay                            0x00000c4d   Thumb Code    44  kea128_systick.o(i.systick_delay)
    systick_delay_ms                         0x00000c7d   Thumb Code    24  kea128_systick.o(i.systick_delay_ms)
    uart_init                                0x00000c99   Thumb Code   170  kea128_uart.o(i.uart_init)
    uart_mux                                 0x00000d51   Thumb Code   122  kea128_uart.o(i.uart_mux)
    uart_putchar                             0x00000dd1   Thumb Code    28  kea128_uart.o(i.uart_putchar)
    F6x8                                     0x00000e20   Data         552  seekfree_oled.o(.constdata)
    F8X16                                    0x00001048   Data        1520  seekfree_oled.o(.constdata)
    Region$$Table$$Base                      0x00001638   Number         0  anon$$obj.o(Region$$Table)
    Region$$Table$$Limit                     0x00001658   Number         0  anon$$obj.o(Region$$Table)
    ics_clk_khz                              0x1ffff000   Data           4  common.o(.data)
    ftm_clk_khz                              0x1ffff004   Data           4  common.o(.data)
    core_clk_khz                             0x1ffff008   Data           4  common.o(.data)
    bus_clk_khz                              0x1ffff00c   Data           4  common.o(.data)
    period                                   0x1ffff010   Data           6  kea128_ftm.o(.data)
    cv                                       0x1ffff018   Data           4  kea128_ftm.o(.data)
    uart                                     0x1ffff01c   Data          12  kea128_uart.o(.data)
    dd                                       0x1ffff028   Data           2  main.o(.data)
    __stdout                                 0x1ffff02c   Data           4  stdout.o(.data)
    __initial_sp                             0x1ffff430   Data           0  startup_skeaz1284.o(STACK)



==============================================================================

Memory Map of the image

  Image Entry point : 0x000000c1

  Load Region LR_IROM1 (Base: 0x00000000, Size: 0x00001688, Max: 0x00020000, ABSOLUTE)

    Execution Region ER_IROM1 (Exec base: 0x00000000, Load base: 0x00000000, Size: 0x00001658, Max: 0x00020000, ABSOLUTE)

    Exec Addr    Load Addr    Size         Type   Attr      Idx    E Section Name        Object

    0x00000000   0x00000000   0x000000c0   Data   RO            3    RESET               startup_skeaz1284.o
    0x000000c0   0x000000c0   0x00000000   Code   RO         1383  * .ARM.Collect$$$$00000000  mc_p.l(entry.o)
    0x000000c0   0x000000c0   0x00000004   Code   RO         1662    .ARM.Collect$$$$00000001  mc_p.l(entry2.o)
    0x000000c4   0x000000c4   0x00000004   Code   RO         1665    .ARM.Collect$$$$00000004  mc_p.l(entry5.o)
    0x000000c8   0x000000c8   0x00000000   Code   RO         1667    .ARM.Collect$$$$00000008  mc_p.l(entry7b.o)
    0x000000c8   0x000000c8   0x00000000   Code   RO         1669    .ARM.Collect$$$$0000000A  mc_p.l(entry8b.o)
    0x000000c8   0x000000c8   0x00000008   Code   RO         1670    .ARM.Collect$$$$0000000B  mc_p.l(entry9a.o)
    0x000000d0   0x000000d0   0x00000000   Code   RO         1672    .ARM.Collect$$$$0000000D  mc_p.l(entry10a.o)
    0x000000d0   0x000000d0   0x00000000   Code   RO         1674    .ARM.Collect$$$$0000000F  mc_p.l(entry11a.o)
    0x000000d0   0x000000d0   0x00000004   Code   RO         1663    .ARM.Collect$$$$00002712  mc_p.l(entry2.o)
    0x000000d4   0x000000d4   0x00000028   Code   RO            5    .text               startup_skeaz1284.o
    0x000000fc   0x000000fc   0x0000002c   Code   RO         1386    .text               mc_p.l(uidiv.o)
    0x00000128   0x00000128   0x00000028   Code   RO         1388    .text               mc_p.l(idiv.o)
    0x00000150   0x00000150   0x00000024   Code   RO         1390    .text               mc_p.l(memcpya.o)
    0x00000174   0x00000174   0x00000024   Code   RO         1692    .text               mc_p.l(init.o)
    0x00000198   0x00000198   0x00000014   Code   RO         1321    i.IRQ_IRQHandler    isr.o
    0x000001ac   0x000001ac   0x00000014   Code   RO         1322    i.KBI0_IRQHandler   isr.o
    0x000001c0   0x000001c0   0x0000001c   Code   RO         1175    i.OLED_DLY_ms       seekfree_oled.o
    0x000001dc   0x000001dc   0x0000003a   Code   RO         1176    i.OLED_Fill         seekfree_oled.o
    0x00000216   0x00000216   0x00000032   Code   RO         1177    i.OLED_HEXACSII     seekfree_oled.o
    0x00000248   0x00000248   0x00000112   Code   RO         1178    i.OLED_Init         seekfree_oled.o
    0x0000035a   0x0000035a   0x00000002   PAD
    0x0000035c   0x0000035c   0x00000064   Code   RO         1179    i.OLED_P6x8Str      seekfree_oled.o
    0x000003c0   0x000003c0   0x00000030   Code   RO         1181    i.OLED_Print_Num    seekfree_oled.o
    0x000003f0   0x000003f0   0x0000000e   Code   RO         1706    i.__scatterload_copy  mc_p.l(handlers.o)
    0x000003fe   0x000003fe   0x00000002   Code   RO         1707    i.__scatterload_null  mc_p.l(handlers.o)
    0x00000400   0x00000400   0x00000010   Code   RO            4    .ARM.__at_0x400     startup_skeaz1284.o
    0x00000410   0x00000410   0x0000008c   Code   RO         1180    i.OLED_P8x16Str     seekfree_oled.o
    0x0000049c   0x0000049c   0x00000058   Code   RO         1182    i.OLED_Print_Num1   seekfree_oled.o
    0x000004f4   0x000004f4   0x0000002e   Code   RO         1184    i.OLED_Set_Pos      seekfree_oled.o
    0x00000522   0x00000522   0x00000052   Code   RO         1186    i.OLED_WrCmd        seekfree_oled.o
    0x00000574   0x00000574   0x00000052   Code   RO         1187    i.OLED_WrDat        seekfree_oled.o
    0x000005c6   0x000005c6   0x00000002   PAD
    0x000005c8   0x000005c8   0x00000014   Code   RO         1323    i.PIT_CH0_IRQHandler  isr.o
    0x000005dc   0x000005dc   0x00000014   Code   RO         1324    i.PIT_CH1_IRQHandler  isr.o
    0x000005f0   0x000005f0   0x00000060   Code   RO           15    i.Start             system_skeaz1284.o
    0x00000650   0x00000650   0x00000014   Code   RO         1395    i.__0printf$bare    mc_p.l(printfb.o)
    0x00000664   0x00000664   0x0000001c   Code   RO          359    i.__ARM_common_switch8  kea128_ftm.o
    0x00000680   0x00000680   0x0000000e   Code   RO         1708    i.__scatterload_zeroinit  mc_p.l(handlers.o)
    0x0000068e   0x0000068e   0x0000001e   Code   RO         1402    i._printf_core      mc_p.l(printfb.o)
    0x000006ac   0x000006ac   0x0000002c   Code   RO          219    i.adc_init          kea128_adc.o
    0x000006d8   0x000006d8   0x00000034   Code   RO          220    i.adc_once          kea128_adc.o
    0x0000070c   0x0000070c   0x00000018   Code   RO           16    i.disable_wdog      system_skeaz1284.o
    0x00000724   0x00000724   0x00000012   Code   RO          521    i.fputc             kea128_uart.o
    0x00000736   0x00000736   0x00000002   PAD
    0x00000738   0x00000738   0x00000124   Code   RO          304    i.ftm_pwm_init      kea128_ftm.o
    0x0000085c   0x0000085c   0x00000134   Code   RO          305    i.ftm_pwm_mux       kea128_ftm.o
    0x00000990   0x00000990   0x000000cc   Code   RO          169    i.get_clk           common.o
    0x00000a5c   0x00000a5c   0x000000dc   Code   RO          368    i.gpio_init         kea128_gpio.o
    0x00000b38   0x00000b38   0x0000003c   Code   RO          369    i.gpio_set          kea128_gpio.o
    0x00000b74   0x00000b74   0x00000088   Code   RO         1362    i.main              main.o
    0x00000bfc   0x00000bfc   0x00000050   Code   RO          499    i.port_pull         kea128_port.o
    0x00000c4c   0x00000c4c   0x00000030   Code   RO          615    i.systick_delay     kea128_systick.o
    0x00000c7c   0x00000c7c   0x0000001c   Code   RO          616    i.systick_delay_ms  kea128_systick.o
    0x00000c98   0x00000c98   0x000000b8   Code   RO          523    i.uart_init         kea128_uart.o
    0x00000d50   0x00000d50   0x00000080   Code   RO          524    i.uart_mux          kea128_uart.o
    0x00000dd0   0x00000dd0   0x00000020   Code   RO          526    i.uart_putchar      kea128_uart.o
    0x00000df0   0x00000df0   0x00000016   Data   RO          170    .constdata          common.o
    0x00000e06   0x00000e06   0x00000002   PAD
    0x00000e08   0x00000e08   0x0000000c   Data   RO          306    .constdata          kea128_ftm.o
    0x00000e14   0x00000e14   0x0000000c   Data   RO          371    .constdata          kea128_gpio.o
    0x00000e20   0x00000e20   0x00000818   Data   RO         1189    .constdata          seekfree_oled.o
    0x00001638   0x00001638   0x00000020   Data   RO         1704    Region$$Table       anon$$obj.o


    Execution Region RW_IRAM1 (Exec base: 0x1ffff000, Load base: 0x00001658, Size: 0x00000430, Max: 0x00004000, ABSOLUTE)

    Exec Addr    Load Addr    Size         Type   Attr      Idx    E Section Name        Object

    0x1ffff000   0x00001658   0x00000010   Data   RW          171    .data               common.o
    0x1ffff010   0x00001668   0x0000000c   Data   RW          307    .data               kea128_ftm.o
    0x1ffff01c   0x00001674   0x0000000c   Data   RW          532    .data               kea128_uart.o
    0x1ffff028   0x00001680   0x00000002   Data   RW         1363    .data               main.o
    0x1ffff02a   0x00001682   0x00000002   PAD
    0x1ffff02c   0x00001684   0x00000004   Data   RW         1676    .data               mc_p.l(stdout.o)
    0x1ffff030        -       0x00000400   Zero   RW            1    STACK               startup_skeaz1284.o


==============================================================================

Image component sizes


      Code (inc. data)   RO Data    RW Data    ZI Data      Debug   Object Name

       204         34         22         16          0       2201   common.o
        80         24          0          0          0       1701   isr.o
        96         16          0          0          0       1082   kea128_adc.o
       628         28         12         12          0       2509   kea128_ftm.o
       280         12         12          0          0       1979   kea128_gpio.o
        80          6          0          0          0        580   kea128_port.o
        76          8          0          0          0       1091   kea128_systick.o
       362         24          0         12          0       3069   kea128_uart.o
       136         34          0          2          0        724   main.o
         0          0          0          0          0       4603   misc.o
       996         20       2072          0          0       8218   seekfree_oled.o
        56         30        192          0       1024       1040   startup_skeaz1284.o
       120         22          0          0          0     108779   system_skeaz1284.o

    ----------------------------------------------------------------------
      3120        258       2344         44       1024     137576   Object Totals
         0          0         32          0          0          0   (incl. Generated)
         6          0          2          2          0          0   (incl. Padding)

    ----------------------------------------------------------------------

      Code (inc. data)   RO Data    RW Data    ZI Data      Debug   Library Member Name

         0          0          0          0          0          0   entry.o
         0          0          0          0          0          0   entry10a.o
         0          0          0          0          0          0   entry11a.o
         8          4          0          0          0          0   entry2.o
         4          0          0          0          0          0   entry5.o
         0          0          0          0          0          0   entry7b.o
         0          0          0          0          0          0   entry8b.o
         8          4          0          0          0          0   entry9a.o
        30          0          0          0          0          0   handlers.o
        40          0          0          0          0         72   idiv.o
        36          8          0          0          0         68   init.o
        36          0          0          0          0         60   memcpya.o
        50          8          0          0          0        144   printfb.o
         0          0          0          4          0          0   stdout.o
        44          0          0          0          0         72   uidiv.o

    ----------------------------------------------------------------------
       256         24          0          4          0        416   Library Totals
         0          0          0          0          0          0   (incl. Padding)

    ----------------------------------------------------------------------

      Code (inc. data)   RO Data    RW Data    ZI Data      Debug   Library Name

       256         24          0          4          0        416   mc_p.l

    ----------------------------------------------------------------------
       256         24          0          4          0        416   Library Totals

    ----------------------------------------------------------------------

==============================================================================


      Code (inc. data)   RO Data    RW Data    ZI Data      Debug   

      3376        282       2344         48       1024     136648   Grand Totals
      3376        282       2344         48       1024     136648   ELF Image Totals
      3376        282       2344         48          0          0   ROM Totals

==============================================================================

    Total RO  Size (Code + RO Data)                 5720 (   5.59kB)
    Total RW  Size (RW Data + ZI Data)              1072 (   1.05kB)
    Total ROM Size (Code + RO Data + RW Data)       5768 (   5.63kB)

==============================================================================

